
> node-boilerplate@1.0.0 start /home/apps/applications/gui-server/ysa-reseller
> NODE_ENV=production node ./src/server.js

Genesis listening at http://:::8099

> node-boilerplate@1.0.0 start /home/apps/applications/gui-server/ysa-reseller
> NODE_ENV=production node ./src/server.js

events.js:174
      throw er; // Unhandled 'error' event
      ^

Error: listen EADDRINUSE: address already in use :::8099
    at Server.setupListenHandle [as _listen2] (net.js:1280:14)
    at listenInCluster (net.js:1328:12)
    at Server.listen (net.js:1415:7)
    at Function.listen (/home/apps/applications/gui-server/ysa-reseller/node_modules/express/lib/application.js:618:24)
    at Object.<anonymous> (/home/apps/applications/gui-server/ysa-reseller/src/server.js:152:18)
    at Module._compile (internal/modules/cjs/loader.js:778:30)
    at Object.Module._extensions..js (internal/modules/cjs/loader.js:789:10)
    at Module.load (internal/modules/cjs/loader.js:653:32)
    at tryModuleLoad (internal/modules/cjs/loader.js:593:12)
    at Function.Module._load (internal/modules/cjs/loader.js:585:3)
Emitted 'error' event at:
    at emitErrorNT (net.js:1307:8)
    at process._tickCallback (internal/process/next_tick.js:63:19)
    at Function.Module.runMain (internal/modules/cjs/loader.js:834:11)
    at startup (internal/bootstrap/node.js:283:19)
    at bootstrapNodeJSCore (internal/bootstrap/node.js:623:3)
npm ERR! code ELIFECYCLE
npm ERR! errno 1
npm ERR! node-boilerplate@1.0.0 start: `NODE_ENV=production node ./src/server.js`
npm ERR! Exit status 1
npm ERR! 
npm ERR! Failed at the node-boilerplate@1.0.0 start script.
npm ERR! This is probably not a problem with npm. There is likely additional logging output above.

npm ERR! A complete log of this run can be found in:
npm ERR!     /home/apps/.npm/_logs/2021-03-30T20_19_46_467Z-debug.log

> node-boilerplate@1.0.0 start /home/apps/applications/gui-server/ysa-reseller
> NODE_ENV=production node ./src/server.js

Genesis listening at http://:::8099

> node-boilerplate@1.0.0 start /home/apps/applications/gui-server/ysa-reseller
> NODE_ENV=production node ./src/server.js

Genesis listening at http://:::8099

> node-boilerplate@1.0.0 start /home/apps/applications/gui-server/ysa-reseller
> NODE_ENV=production node ./src/server.js

Genesis listening at http://:::8099

> node-boilerplate@1.0.0 start /home/apps/applications/gui-server/ysa-reseller
> NODE_ENV=production node ./src/server.js

Genesis listening at http://:::8099

> node-boilerplate@1.0.0 start /home/apps/applications/gui-server/ysa-reseller
> NODE_ENV=production node ./src/server.js

Genesis listening at http://:::8099

> node-boilerplate@1.0.0 start /home/apps/applications/gui-server/ysa-reseller
> NODE_ENV=production node ./src/server.js

events.js:174
      throw er; // Unhandled 'error' event
      ^

Error: listen EADDRINUSE: address already in use :::8099
    at Server.setupListenHandle [as _listen2] (net.js:1280:14)
    at listenInCluster (net.js:1328:12)
    at Server.listen (net.js:1415:7)
    at Function.listen (/home/apps/applications/gui-server/ysa-reseller/node_modules/express/lib/application.js:618:24)
    at Object.<anonymous> (/home/apps/applications/gui-server/ysa-reseller/src/server.js:152:18)
    at Module._compile (internal/modules/cjs/loader.js:778:30)
    at Object.Module._extensions..js (internal/modules/cjs/loader.js:789:10)
    at Module.load (internal/modules/cjs/loader.js:653:32)
    at tryModuleLoad (internal/modules/cjs/loader.js:593:12)
    at Function.Module._load (internal/modules/cjs/loader.js:585:3)
Emitted 'error' event at:
    at emitErrorNT (net.js:1307:8)
    at process._tickCallback (internal/process/next_tick.js:63:19)
    at Function.Module.runMain (internal/modules/cjs/loader.js:834:11)
    at startup (internal/bootstrap/node.js:283:19)
    at bootstrapNodeJSCore (internal/bootstrap/node.js:623:3)
npm ERR! code ELIFECYCLE
npm ERR! errno 1
npm ERR! node-boilerplate@1.0.0 start: `NODE_ENV=production node ./src/server.js`
npm ERR! Exit status 1
npm ERR! 
npm ERR! Failed at the node-boilerplate@1.0.0 start script.
npm ERR! This is probably not a problem with npm. There is likely additional logging output above.

npm ERR! A complete log of this run can be found in:
npm ERR!     /home/apps/.npm/_logs/2021-03-31T10_50_18_859Z-debug.log

> node-boilerplate@1.0.0 start /home/apps/applications/gui-server/ysa-reseller
> NODE_ENV=production node ./src/server.js

events.js:174
      throw er; // Unhandled 'error' event
      ^

Error: listen EADDRINUSE: address already in use :::8099
    at Server.setupListenHandle [as _listen2] (net.js:1280:14)
    at listenInCluster (net.js:1328:12)
    at Server.listen (net.js:1415:7)
    at Function.listen (/home/apps/applications/gui-server/ysa-reseller/node_modules/express/lib/application.js:618:24)
    at Object.<anonymous> (/home/apps/applications/gui-server/ysa-reseller/src/server.js:152:18)
    at Module._compile (internal/modules/cjs/loader.js:778:30)
    at Object.Module._extensions..js (internal/modules/cjs/loader.js:789:10)
    at Module.load (internal/modules/cjs/loader.js:653:32)
    at tryModuleLoad (internal/modules/cjs/loader.js:593:12)
    at Function.Module._load (internal/modules/cjs/loader.js:585:3)
Emitted 'error' event at:
    at emitErrorNT (net.js:1307:8)
    at process._tickCallback (internal/process/next_tick.js:63:19)
    at Function.Module.runMain (internal/modules/cjs/loader.js:834:11)
    at startup (internal/bootstrap/node.js:283:19)
    at bootstrapNodeJSCore (internal/bootstrap/node.js:623:3)
npm ERR! code ELIFECYCLE
npm ERR! errno 1
npm ERR! node-boilerplate@1.0.0 start: `NODE_ENV=production node ./src/server.js`
npm ERR! Exit status 1
npm ERR! 
npm ERR! Failed at the node-boilerplate@1.0.0 start script.
npm ERR! This is probably not a problem with npm. There is likely additional logging output above.

npm ERR! A complete log of this run can be found in:
npm ERR!     /home/apps/.npm/_logs/2021-03-31T10_53_10_743Z-debug.log

> node-boilerplate@1.0.0 start /home/apps/applications/gui-server/ysa-reseller
> NODE_ENV=production node ./src/server.js

Genesis listening at http://:::8099

> node-boilerplate@1.0.0 start /home/apps/applications/gui-server/ysa-reseller
> NODE_ENV=production node ./src/server.js

Genesis listening at http://:::8099

> node-boilerplate@1.0.0 start /home/apps/applications/gui-server/ysa-reseller
> NODE_ENV=production node ./src/server.js

Genesis listening at http://:::8099

> node-boilerplate@1.0.0 start /home/apps/applications/gui-server/ysa-reseller
> NODE_ENV=production node ./src/server.js

Genesis listening at http://:::8099

> node-boilerplate@1.0.0 start /home/apps/applications/gui-server/ysa-reseller
> NODE_ENV=production node ./src/server.js

Genesis listening at http://:::8099

> node-boilerplate@1.0.0 start /home/apps/applications/gui-server/ysa-reseller
> NODE_ENV=production node ./src/server.js

Genesis listening at http://:::8099

> node-boilerplate@1.0.0 start /home/apps/applications/gui-server/ysa-reseller
> NODE_ENV=production node ./src/server.js

Genesis listening at http://:::8099

> node-boilerplate@1.0.0 start /home/apps/applications/gui-server/ysa-reseller
> NODE_ENV=production node ./src/server.js

Genesis listening at http://:::8099

> node-boilerplate@1.0.0 start /home/apps/applications/gui-server/ysa-reseller
> NODE_ENV=production node ./src/server.js

Genesis listening at http://:::8099

> node-boilerplate@1.0.0 start /home/apps/applications/gui-server/ysa-reseller
> NODE_ENV=production node ./src/server.js

Genesis listening at http://:::8099

> node-boilerplate@1.0.0 start /home/apps/applications/gui-server/ysa-reseller
> NODE_ENV=production node ./src/server.js

Genesis listening at http://:::8099

> node-boilerplate@1.0.0 start /home/apps/applications/gui-server/ysa-reseller
> NODE_ENV=production node ./src/server.js

Genesis listening at http://:::8099
URIError: Failed to decode param '/%C0%AE%C0%AE/%C0%AE%C0%AE/%C0%AE%C0%AE/%C0%AE%C0%AE/%C0%AE%C0%AE/%C0%AE%C0%AE/%C0%AE%C0%AE/%C0%AE%C0%AE/%C0%AE%C0%AE/%C0%AE%C0%AE/%C0%AE%C0%AE/%C0%AE%C0%AE/boot.ini'
    at decodeURIComponent (<anonymous>)
    at decode_param (/home/apps/applications/gui-server/ysa-reseller/node_modules/express/lib/router/layer.js:172:12)
    at Layer.match (/home/apps/applications/gui-server/ysa-reseller/node_modules/express/lib/router/layer.js:123:27)
    at matchLayer (/home/apps/applications/gui-server/ysa-reseller/node_modules/express/lib/router/index.js:574:18)
    at next (/home/apps/applications/gui-server/ysa-reseller/node_modules/express/lib/router/index.js:220:15)
    at /home/apps/applications/gui-server/ysa-reseller/src/server.js:23:3
    at Layer.handle [as handle_request] (/home/apps/applications/gui-server/ysa-reseller/node_modules/express/lib/router/layer.js:95:5)
    at trim_prefix (/home/apps/applications/gui-server/ysa-reseller/node_modules/express/lib/router/index.js:317:13)
    at /home/apps/applications/gui-server/ysa-reseller/node_modules/express/lib/router/index.js:284:7
    at Function.process_params (/home/apps/applications/gui-server/ysa-reseller/node_modules/express/lib/router/index.js:335:12)
URIError: Failed to decode param '/%C0%AE%C0%AE/%C0%AE%C0%AE/%C0%AE%C0%AE/%C0%AE%C0%AE/%C0%AE%C0%AE/%C0%AE%C0%AE/%C0%AE%C0%AE/%C0%AE%C0%AE/%C0%AE%C0%AE/%C0%AE%C0%AE/%C0%AE%C0%AE/%C0%AE%C0%AE/boot.ini'
    at decodeURIComponent (<anonymous>)
    at decode_param (/home/apps/applications/gui-server/ysa-reseller/node_modules/express/lib/router/layer.js:172:12)
    at Layer.match (/home/apps/applications/gui-server/ysa-reseller/node_modules/express/lib/router/layer.js:123:27)
    at matchLayer (/home/apps/applications/gui-server/ysa-reseller/node_modules/express/lib/router/index.js:574:18)
    at next (/home/apps/applications/gui-server/ysa-reseller/node_modules/express/lib/router/index.js:220:15)
    at /home/apps/applications/gui-server/ysa-reseller/src/server.js:23:3
    at Layer.handle [as handle_request] (/home/apps/applications/gui-server/ysa-reseller/node_modules/express/lib/router/layer.js:95:5)
    at trim_prefix (/home/apps/applications/gui-server/ysa-reseller/node_modules/express/lib/router/index.js:317:13)
    at /home/apps/applications/gui-server/ysa-reseller/node_modules/express/lib/router/index.js:284:7
    at Function.process_params (/home/apps/applications/gui-server/ysa-reseller/node_modules/express/lib/router/index.js:335:12)
URIError: Failed to decode param '/%C0%AE%C0%AE/%C0%AE%C0%AE/%C0%AE%C0%AE/%C0%AE%C0%AE/%C0%AE%C0%AE/%C0%AE%C0%AE/%C0%AE%C0%AE/%C0%AE%C0%AE/%C0%AE%C0%AE/%C0%AE%C0%AE/%C0%AE%C0%AE/%C0%AE%C0%AE/etc/passwd'
    at decodeURIComponent (<anonymous>)
    at decode_param (/home/apps/applications/gui-server/ysa-reseller/node_modules/express/lib/router/layer.js:172:12)
    at Layer.match (/home/apps/applications/gui-server/ysa-reseller/node_modules/express/lib/router/layer.js:123:27)
    at matchLayer (/home/apps/applications/gui-server/ysa-reseller/node_modules/express/lib/router/index.js:574:18)
    at next (/home/apps/applications/gui-server/ysa-reseller/node_modules/express/lib/router/index.js:220:15)
    at /home/apps/applications/gui-server/ysa-reseller/src/server.js:23:3
    at Layer.handle [as handle_request] (/home/apps/applications/gui-server/ysa-reseller/node_modules/express/lib/router/layer.js:95:5)
    at trim_prefix (/home/apps/applications/gui-server/ysa-reseller/node_modules/express/lib/router/index.js:317:13)
    at /home/apps/applications/gui-server/ysa-reseller/node_modules/express/lib/router/index.js:284:7
    at Function.process_params (/home/apps/applications/gui-server/ysa-reseller/node_modules/express/lib/router/index.js:335:12)
URIError: Failed to decode param '/%C0%AE%C0%AE/%C0%AE%C0%AE/%C0%AE%C0%AE/%C0%AE%C0%AE/%C0%AE%C0%AE/%C0%AE%C0%AE/%C0%AE%C0%AE/%C0%AE%C0%AE/%C0%AE%C0%AE/%C0%AE%C0%AE/%C0%AE%C0%AE/%C0%AE%C0%AE/etc/passwd'
    at decodeURIComponent (<anonymous>)
    at decode_param (/home/apps/applications/gui-server/ysa-reseller/node_modules/express/lib/router/layer.js:172:12)
    at Layer.match (/home/apps/applications/gui-server/ysa-reseller/node_modules/express/lib/router/layer.js:123:27)
    at matchLayer (/home/apps/applications/gui-server/ysa-reseller/node_modules/express/lib/router/index.js:574:18)
    at next (/home/apps/applications/gui-server/ysa-reseller/node_modules/express/lib/router/index.js:220:15)
    at /home/apps/applications/gui-server/ysa-reseller/src/server.js:23:3
    at Layer.handle [as handle_request] (/home/apps/applications/gui-server/ysa-reseller/node_modules/express/lib/router/layer.js:95:5)
    at trim_prefix (/home/apps/applications/gui-server/ysa-reseller/node_modules/express/lib/router/index.js:317:13)
    at /home/apps/applications/gui-server/ysa-reseller/node_modules/express/lib/router/index.js:284:7
    at Function.process_params (/home/apps/applications/gui-server/ysa-reseller/node_modules/express/lib/router/index.js:335:12)
URIError: Failed to decode param '/%E0%80%AE%E0%80%AE/%E0%80%AE%E0%80%AE/%E0%80%AE%E0%80%AE/%E0%80%AE%E0%80%AE/%E0%80%AE%E0%80%AE/%E0%80%AE%E0%80%AE/%E0%80%AE%E0%80%AE/%E0%80%AE%E0%80%AE/%E0%80%AE%E0%80%AE/%E0%80%AE%E0%80%AE/%E0%80%AE%E0%80%AE/%E0%80%AE%E0%80%AE/boot.ini'
    at decodeURIComponent (<anonymous>)
    at decode_param (/home/apps/applications/gui-server/ysa-reseller/node_modules/express/lib/router/layer.js:172:12)
    at Layer.match (/home/apps/applications/gui-server/ysa-reseller/node_modules/express/lib/router/layer.js:123:27)
    at matchLayer (/home/apps/applications/gui-server/ysa-reseller/node_modules/express/lib/router/index.js:574:18)
    at next (/home/apps/applications/gui-server/ysa-reseller/node_modules/express/lib/router/index.js:220:15)
    at /home/apps/applications/gui-server/ysa-reseller/src/server.js:23:3
    at Layer.handle [as handle_request] (/home/apps/applications/gui-server/ysa-reseller/node_modules/express/lib/router/layer.js:95:5)
    at trim_prefix (/home/apps/applications/gui-server/ysa-reseller/node_modules/express/lib/router/index.js:317:13)
    at /home/apps/applications/gui-server/ysa-reseller/node_modules/express/lib/router/index.js:284:7
    at Function.process_params (/home/apps/applications/gui-server/ysa-reseller/node_modules/express/lib/router/index.js:335:12)
URIError: Failed to decode param '/%E0%80%AE%E0%80%AE/%E0%80%AE%E0%80%AE/%E0%80%AE%E0%80%AE/%E0%80%AE%E0%80%AE/%E0%80%AE%E0%80%AE/%E0%80%AE%E0%80%AE/%E0%80%AE%E0%80%AE/%E0%80%AE%E0%80%AE/%E0%80%AE%E0%80%AE/%E0%80%AE%E0%80%AE/%E0%80%AE%E0%80%AE/%E0%80%AE%E0%80%AE/boot.ini'
    at decodeURIComponent (<anonymous>)
    at decode_param (/home/apps/applications/gui-server/ysa-reseller/node_modules/express/lib/router/layer.js:172:12)
    at Layer.match (/home/apps/applications/gui-server/ysa-reseller/node_modules/express/lib/router/layer.js:123:27)
    at matchLayer (/home/apps/applications/gui-server/ysa-reseller/node_modules/express/lib/router/index.js:574:18)
    at next (/home/apps/applications/gui-server/ysa-reseller/node_modules/express/lib/router/index.js:220:15)
    at /home/apps/applications/gui-server/ysa-reseller/src/server.js:23:3
    at Layer.handle [as handle_request] (/home/apps/applications/gui-server/ysa-reseller/node_modules/express/lib/router/layer.js:95:5)
    at trim_prefix (/home/apps/applications/gui-server/ysa-reseller/node_modules/express/lib/router/index.js:317:13)
    at /home/apps/applications/gui-server/ysa-reseller/node_modules/express/lib/router/index.js:284:7
    at Function.process_params (/home/apps/applications/gui-server/ysa-reseller/node_modules/express/lib/router/index.js:335:12)
URIError: Failed to decode param '/%E0%80%AE%E0%80%AE/%E0%80%AE%E0%80%AE/%E0%80%AE%E0%80%AE/%E0%80%AE%E0%80%AE/%E0%80%AE%E0%80%AE/%E0%80%AE%E0%80%AE/%E0%80%AE%E0%80%AE/%E0%80%AE%E0%80%AE/%E0%80%AE%E0%80%AE/%E0%80%AE%E0%80%AE/%E0%80%AE%E0%80%AE/%E0%80%AE%E0%80%AE/etc/passwd'
    at decodeURIComponent (<anonymous>)
    at decode_param (/home/apps/applications/gui-server/ysa-reseller/node_modules/express/lib/router/layer.js:172:12)
    at Layer.match (/home/apps/applications/gui-server/ysa-reseller/node_modules/express/lib/router/layer.js:123:27)
    at matchLayer (/home/apps/applications/gui-server/ysa-reseller/node_modules/express/lib/router/index.js:574:18)
    at next (/home/apps/applications/gui-server/ysa-reseller/node_modules/express/lib/router/index.js:220:15)
    at /home/apps/applications/gui-server/ysa-reseller/src/server.js:23:3
    at Layer.handle [as handle_request] (/home/apps/applications/gui-server/ysa-reseller/node_modules/express/lib/router/layer.js:95:5)
    at trim_prefix (/home/apps/applications/gui-server/ysa-reseller/node_modules/express/lib/router/index.js:317:13)
    at /home/apps/applications/gui-server/ysa-reseller/node_modules/express/lib/router/index.js:284:7
    at Function.process_params (/home/apps/applications/gui-server/ysa-reseller/node_modules/express/lib/router/index.js:335:12)
URIError: Failed to decode param '/%E0%80%AE%E0%80%AE/%E0%80%AE%E0%80%AE/%E0%80%AE%E0%80%AE/%E0%80%AE%E0%80%AE/%E0%80%AE%E0%80%AE/%E0%80%AE%E0%80%AE/%E0%80%AE%E0%80%AE/%E0%80%AE%E0%80%AE/%E0%80%AE%E0%80%AE/%E0%80%AE%E0%80%AE/%E0%80%AE%E0%80%AE/%E0%80%AE%E0%80%AE/etc/passwd'
    at decodeURIComponent (<anonymous>)
    at decode_param (/home/apps/applications/gui-server/ysa-reseller/node_modules/express/lib/router/layer.js:172:12)
    at Layer.match (/home/apps/applications/gui-server/ysa-reseller/node_modules/express/lib/router/layer.js:123:27)
    at matchLayer (/home/apps/applications/gui-server/ysa-reseller/node_modules/express/lib/router/index.js:574:18)
    at next (/home/apps/applications/gui-server/ysa-reseller/node_modules/express/lib/router/index.js:220:15)
    at /home/apps/applications/gui-server/ysa-reseller/src/server.js:23:3
    at Layer.handle [as handle_request] (/home/apps/applications/gui-server/ysa-reseller/node_modules/express/lib/router/layer.js:95:5)
    at trim_prefix (/home/apps/applications/gui-server/ysa-reseller/node_modules/express/lib/router/index.js:317:13)
    at /home/apps/applications/gui-server/ysa-reseller/node_modules/express/lib/router/index.js:284:7
    at Function.process_params (/home/apps/applications/gui-server/ysa-reseller/node_modules/express/lib/router/index.js:335:12)
URIError: Failed to decode param '/%F0%80%80%AE%F0%80%80%AE/%F0%80%80%AE%F0%80%80%AE/%F0%80%80%AE%F0%80%80%AE/%F0%80%80%AE%F0%80%80%AE/%F0%80%80%AE%F0%80%80%AE/%F0%80%80%AE%F0%80%80%AE/%F0%80%80%AE%F0%80%80%AE/%F0%80%80%AE%F0%80%80%AE/%F0%80%80%AE%F0%80%80%AE/%F0%80%80%AE%F0%80%80%AE/%F0%80%80%AE%F0%80%80%AE/%F0%80%80%AE%F0%80%80%AE/boot.ini'
    at decodeURIComponent (<anonymous>)
    at decode_param (/home/apps/applications/gui-server/ysa-reseller/node_modules/express/lib/router/layer.js:172:12)
    at Layer.match (/home/apps/applications/gui-server/ysa-reseller/node_modules/express/lib/router/layer.js:123:27)
    at matchLayer (/home/apps/applications/gui-server/ysa-reseller/node_modules/express/lib/router/index.js:574:18)
    at next (/home/apps/applications/gui-server/ysa-reseller/node_modules/express/lib/router/index.js:220:15)
    at /home/apps/applications/gui-server/ysa-reseller/src/server.js:23:3
    at Layer.handle [as handle_request] (/home/apps/applications/gui-server/ysa-reseller/node_modules/express/lib/router/layer.js:95:5)
    at trim_prefix (/home/apps/applications/gui-server/ysa-reseller/node_modules/express/lib/router/index.js:317:13)
    at /home/apps/applications/gui-server/ysa-reseller/node_modules/express/lib/router/index.js:284:7
    at Function.process_params (/home/apps/applications/gui-server/ysa-reseller/node_modules/express/lib/router/index.js:335:12)
URIError: Failed to decode param '/%F0%80%80%AE%F0%80%80%AE/%F0%80%80%AE%F0%80%80%AE/%F0%80%80%AE%F0%80%80%AE/%F0%80%80%AE%F0%80%80%AE/%F0%80%80%AE%F0%80%80%AE/%F0%80%80%AE%F0%80%80%AE/%F0%80%80%AE%F0%80%80%AE/%F0%80%80%AE%F0%80%80%AE/%F0%80%80%AE%F0%80%80%AE/%F0%80%80%AE%F0%80%80%AE/%F0%80%80%AE%F0%80%80%AE/%F0%80%80%AE%F0%80%80%AE/boot.ini'
    at decodeURIComponent (<anonymous>)
    at decode_param (/home/apps/applications/gui-server/ysa-reseller/node_modules/express/lib/router/layer.js:172:12)
    at Layer.match (/home/apps/applications/gui-server/ysa-reseller/node_modules/express/lib/router/layer.js:123:27)
    at matchLayer (/home/apps/applications/gui-server/ysa-reseller/node_modules/express/lib/router/index.js:574:18)
    at next (/home/apps/applications/gui-server/ysa-reseller/node_modules/express/lib/router/index.js:220:15)
    at /home/apps/applications/gui-server/ysa-reseller/src/server.js:23:3
    at Layer.handle [as handle_request] (/home/apps/applications/gui-server/ysa-reseller/node_modules/express/lib/router/layer.js:95:5)
    at trim_prefix (/home/apps/applications/gui-server/ysa-reseller/node_modules/express/lib/router/index.js:317:13)
    at /home/apps/applications/gui-server/ysa-reseller/node_modules/express/lib/router/index.js:284:7
    at Function.process_params (/home/apps/applications/gui-server/ysa-reseller/node_modules/express/lib/router/index.js:335:12)
URIError: Failed to decode param '/%F0%80%80%AE%F0%80%80%AE/%F0%80%80%AE%F0%80%80%AE/%F0%80%80%AE%F0%80%80%AE/%F0%80%80%AE%F0%80%80%AE/%F0%80%80%AE%F0%80%80%AE/%F0%80%80%AE%F0%80%80%AE/%F0%80%80%AE%F0%80%80%AE/%F0%80%80%AE%F0%80%80%AE/%F0%80%80%AE%F0%80%80%AE/%F0%80%80%AE%F0%80%80%AE/%F0%80%80%AE%F0%80%80%AE/%F0%80%80%AE%F0%80%80%AE/etc/passwd'
    at decodeURIComponent (<anonymous>)
    at decode_param (/home/apps/applications/gui-server/ysa-reseller/node_modules/express/lib/router/layer.js:172:12)
    at Layer.match (/home/apps/applications/gui-server/ysa-reseller/node_modules/express/lib/router/layer.js:123:27)
    at matchLayer (/home/apps/applications/gui-server/ysa-reseller/node_modules/express/lib/router/index.js:574:18)
    at next (/home/apps/applications/gui-server/ysa-reseller/node_modules/express/lib/router/index.js:220:15)
    at /home/apps/applications/gui-server/ysa-reseller/src/server.js:23:3
    at Layer.handle [as handle_request] (/home/apps/applications/gui-server/ysa-reseller/node_modules/express/lib/router/layer.js:95:5)
    at trim_prefix (/home/apps/applications/gui-server/ysa-reseller/node_modules/express/lib/router/index.js:317:13)
    at /home/apps/applications/gui-server/ysa-reseller/node_modules/express/lib/router/index.js:284:7
    at Function.process_params (/home/apps/applications/gui-server/ysa-reseller/node_modules/express/lib/router/index.js:335:12)
URIError: Failed to decode param '/%F0%80%80%AE%F0%80%80%AE/%F0%80%80%AE%F0%80%80%AE/%F0%80%80%AE%F0%80%80%AE/%F0%80%80%AE%F0%80%80%AE/%F0%80%80%AE%F0%80%80%AE/%F0%80%80%AE%F0%80%80%AE/%F0%80%80%AE%F0%80%80%AE/%F0%80%80%AE%F0%80%80%AE/%F0%80%80%AE%F0%80%80%AE/%F0%80%80%AE%F0%80%80%AE/%F0%80%80%AE%F0%80%80%AE/%F0%80%80%AE%F0%80%80%AE/etc/passwd'
    at decodeURIComponent (<anonymous>)
    at decode_param (/home/apps/applications/gui-server/ysa-reseller/node_modules/express/lib/router/layer.js:172:12)
    at Layer.match (/home/apps/applications/gui-server/ysa-reseller/node_modules/express/lib/router/layer.js:123:27)
    at matchLayer (/home/apps/applications/gui-server/ysa-reseller/node_modules/express/lib/router/index.js:574:18)
    at next (/home/apps/applications/gui-server/ysa-reseller/node_modules/express/lib/router/index.js:220:15)
    at /home/apps/applications/gui-server/ysa-reseller/src/server.js:23:3
    at Layer.handle [as handle_request] (/home/apps/applications/gui-server/ysa-reseller/node_modules/express/lib/router/layer.js:95:5)
    at trim_prefix (/home/apps/applications/gui-server/ysa-reseller/node_modules/express/lib/router/index.js:317:13)
    at /home/apps/applications/gui-server/ysa-reseller/node_modules/express/lib/router/index.js:284:7
    at Function.process_params (/home/apps/applications/gui-server/ysa-reseller/node_modules/express/lib/router/index.js:335:12)
URIError: Failed to decode param '/%F8%80%80%80%AE%F8%80%80%80%AE/%F8%80%80%80%AE%F8%80%80%80%AE/%F8%80%80%80%AE%F8%80%80%80%AE/%F8%80%80%80%AE%F8%80%80%80%AE/%F8%80%80%80%AE%F8%80%80%80%AE/%F8%80%80%80%AE%F8%80%80%80%AE/%F8%80%80%80%AE%F8%80%80%80%AE/%F8%80%80%80%AE%F8%80%80%80%AE/%F8%80%80%80%AE%F8%80%80%80%AE/%F8%80%80%80%AE%F8%80%80%80%AE/%F8%80%80%80%AE%F8%80%80%80%AE/%F8%80%80%80%AE%F8%80%80%80%AE/boot.ini'
    at decodeURIComponent (<anonymous>)
    at decode_param (/home/apps/applications/gui-server/ysa-reseller/node_modules/express/lib/router/layer.js:172:12)
    at Layer.match (/home/apps/applications/gui-server/ysa-reseller/node_modules/express/lib/router/layer.js:123:27)
    at matchLayer (/home/apps/applications/gui-server/ysa-reseller/node_modules/express/lib/router/index.js:574:18)
    at next (/home/apps/applications/gui-server/ysa-reseller/node_modules/express/lib/router/index.js:220:15)
    at /home/apps/applications/gui-server/ysa-reseller/src/server.js:23:3
    at Layer.handle [as handle_request] (/home/apps/applications/gui-server/ysa-reseller/node_modules/express/lib/router/layer.js:95:5)
    at trim_prefix (/home/apps/applications/gui-server/ysa-reseller/node_modules/express/lib/router/index.js:317:13)
    at /home/apps/applications/gui-server/ysa-reseller/node_modules/express/lib/router/index.js:284:7
    at Function.process_params (/home/apps/applications/gui-server/ysa-reseller/node_modules/express/lib/router/index.js:335:12)
URIError: Failed to decode param '/%F8%80%80%80%AE%F8%80%80%80%AE/%F8%80%80%80%AE%F8%80%80%80%AE/%F8%80%80%80%AE%F8%80%80%80%AE/%F8%80%80%80%AE%F8%80%80%80%AE/%F8%80%80%80%AE%F8%80%80%80%AE/%F8%80%80%80%AE%F8%80%80%80%AE/%F8%80%80%80%AE%F8%80%80%80%AE/%F8%80%80%80%AE%F8%80%80%80%AE/%F8%80%80%80%AE%F8%80%80%80%AE/%F8%80%80%80%AE%F8%80%80%80%AE/%F8%80%80%80%AE%F8%80%80%80%AE/%F8%80%80%80%AE%F8%80%80%80%AE/boot.ini'
    at decodeURIComponent (<anonymous>)
    at decode_param (/home/apps/applications/gui-server/ysa-reseller/node_modules/express/lib/router/layer.js:172:12)
    at Layer.match (/home/apps/applications/gui-server/ysa-reseller/node_modules/express/lib/router/layer.js:123:27)
    at matchLayer (/home/apps/applications/gui-server/ysa-reseller/node_modules/express/lib/router/index.js:574:18)
    at next (/home/apps/applications/gui-server/ysa-reseller/node_modules/express/lib/router/index.js:220:15)
    at /home/apps/applications/gui-server/ysa-reseller/src/server.js:23:3
    at Layer.handle [as handle_request] (/home/apps/applications/gui-server/ysa-reseller/node_modules/express/lib/router/layer.js:95:5)
    at trim_prefix (/home/apps/applications/gui-server/ysa-reseller/node_modules/express/lib/router/index.js:317:13)
    at /home/apps/applications/gui-server/ysa-reseller/node_modules/express/lib/router/index.js:284:7
    at Function.process_params (/home/apps/applications/gui-server/ysa-reseller/node_modules/express/lib/router/index.js:335:12)
URIError: Failed to decode param '/%F8%80%80%80%AE%F8%80%80%80%AE/%F8%80%80%80%AE%F8%80%80%80%AE/%F8%80%80%80%AE%F8%80%80%80%AE/%F8%80%80%80%AE%F8%80%80%80%AE/%F8%80%80%80%AE%F8%80%80%80%AE/%F8%80%80%80%AE%F8%80%80%80%AE/%F8%80%80%80%AE%F8%80%80%80%AE/%F8%80%80%80%AE%F8%80%80%80%AE/%F8%80%80%80%AE%F8%80%80%80%AE/%F8%80%80%80%AE%F8%80%80%80%AE/%F8%80%80%80%AE%F8%80%80%80%AE/%F8%80%80%80%AE%F8%80%80%80%AE/etc/passwd'
    at decodeURIComponent (<anonymous>)
    at decode_param (/home/apps/applications/gui-server/ysa-reseller/node_modules/express/lib/router/layer.js:172:12)
    at Layer.match (/home/apps/applications/gui-server/ysa-reseller/node_modules/express/lib/router/layer.js:123:27)
    at matchLayer (/home/apps/applications/gui-server/ysa-reseller/node_modules/express/lib/router/index.js:574:18)
    at next (/home/apps/applications/gui-server/ysa-reseller/node_modules/express/lib/router/index.js:220:15)
    at /home/apps/applications/gui-server/ysa-reseller/src/server.js:23:3
    at Layer.handle [as handle_request] (/home/apps/applications/gui-server/ysa-reseller/node_modules/express/lib/router/layer.js:95:5)
    at trim_prefix (/home/apps/applications/gui-server/ysa-reseller/node_modules/express/lib/router/index.js:317:13)
    at /home/apps/applications/gui-server/ysa-reseller/node_modules/express/lib/router/index.js:284:7
    at Function.process_params (/home/apps/applications/gui-server/ysa-reseller/node_modules/express/lib/router/index.js:335:12)
URIError: Failed to decode param '/%F8%80%80%80%AE%F8%80%80%80%AE/%F8%80%80%80%AE%F8%80%80%80%AE/%F8%80%80%80%AE%F8%80%80%80%AE/%F8%80%80%80%AE%F8%80%80%80%AE/%F8%80%80%80%AE%F8%80%80%80%AE/%F8%80%80%80%AE%F8%80%80%80%AE/%F8%80%80%80%AE%F8%80%80%80%AE/%F8%80%80%80%AE%F8%80%80%80%AE/%F8%80%80%80%AE%F8%80%80%80%AE/%F8%80%80%80%AE%F8%80%80%80%AE/%F8%80%80%80%AE%F8%80%80%80%AE/%F8%80%80%80%AE%F8%80%80%80%AE/etc/passwd'
    at decodeURIComponent (<anonymous>)
    at decode_param (/home/apps/applications/gui-server/ysa-reseller/node_modules/express/lib/router/layer.js:172:12)
    at Layer.match (/home/apps/applications/gui-server/ysa-reseller/node_modules/express/lib/router/layer.js:123:27)
    at matchLayer (/home/apps/applications/gui-server/ysa-reseller/node_modules/express/lib/router/index.js:574:18)
    at next (/home/apps/applications/gui-server/ysa-reseller/node_modules/express/lib/router/index.js:220:15)
    at /home/apps/applications/gui-server/ysa-reseller/src/server.js:23:3
    at Layer.handle [as handle_request] (/home/apps/applications/gui-server/ysa-reseller/node_modules/express/lib/router/layer.js:95:5)
    at trim_prefix (/home/apps/applications/gui-server/ysa-reseller/node_modules/express/lib/router/index.js:317:13)
    at /home/apps/applications/gui-server/ysa-reseller/node_modules/express/lib/router/index.js:284:7
    at Function.process_params (/home/apps/applications/gui-server/ysa-reseller/node_modules/express/lib/router/index.js:335:12)
URIError: Failed to decode param '/%DB<script>alert(539043);</script>/'
    at decodeURIComponent (<anonymous>)
    at decode_param (/home/apps/applications/gui-server/ysa-reseller/node_modules/express/lib/router/layer.js:172:12)
    at Layer.match (/home/apps/applications/gui-server/ysa-reseller/node_modules/express/lib/router/layer.js:123:27)
    at matchLayer (/home/apps/applications/gui-server/ysa-reseller/node_modules/express/lib/router/index.js:574:18)
    at next (/home/apps/applications/gui-server/ysa-reseller/node_modules/express/lib/router/index.js:220:15)
    at /home/apps/applications/gui-server/ysa-reseller/src/server.js:23:3
    at Layer.handle [as handle_request] (/home/apps/applications/gui-server/ysa-reseller/node_modules/express/lib/router/layer.js:95:5)
    at trim_prefix (/home/apps/applications/gui-server/ysa-reseller/node_modules/express/lib/router/index.js:317:13)
    at /home/apps/applications/gui-server/ysa-reseller/node_modules/express/lib/router/index.js:284:7
    at Function.process_params (/home/apps/applications/gui-server/ysa-reseller/node_modules/express/lib/router/index.js:335:12)
URIError: Failed to decode param '/theme/com/sun%C0%AF..%C0%AF..%C0%AF..%C0%AF..%C0%AF..%C0%AF..%C0%AF..%C0%AF..%C0%AF..%C0%AF..%C0%AF..%C0%AF..%C0%AFwindows/win.ini'
    at decodeURIComponent (<anonymous>)
    at decode_param (/home/apps/applications/gui-server/ysa-reseller/node_modules/express/lib/router/layer.js:172:12)
    at Layer.match (/home/apps/applications/gui-server/ysa-reseller/node_modules/express/lib/router/layer.js:123:27)
    at matchLayer (/home/apps/applications/gui-server/ysa-reseller/node_modules/express/lib/router/index.js:574:18)
    at next (/home/apps/applications/gui-server/ysa-reseller/node_modules/express/lib/router/index.js:220:15)
    at /home/apps/applications/gui-server/ysa-reseller/src/server.js:23:3
    at Layer.handle [as handle_request] (/home/apps/applications/gui-server/ysa-reseller/node_modules/express/lib/router/layer.js:95:5)
    at trim_prefix (/home/apps/applications/gui-server/ysa-reseller/node_modules/express/lib/router/index.js:317:13)
    at /home/apps/applications/gui-server/ysa-reseller/node_modules/express/lib/router/index.js:284:7
    at Function.process_params (/home/apps/applications/gui-server/ysa-reseller/node_modules/express/lib/router/index.js:335:12)
URIError: Failed to decode param '/theme/META-INF%C0%AF..%C0%AF..%C0%AF..%C0%AF..%C0%AF..%C0%AF..%C0%AF..%C0%AF..%C0%AF..%C0%AF..%C0%AF..%C0%AF..%C0%AFwindows/win.ini'
    at decodeURIComponent (<anonymous>)
    at decode_param (/home/apps/applications/gui-server/ysa-reseller/node_modules/express/lib/router/layer.js:172:12)
    at Layer.match (/home/apps/applications/gui-server/ysa-reseller/node_modules/express/lib/router/layer.js:123:27)
    at matchLayer (/home/apps/applications/gui-server/ysa-reseller/node_modules/express/lib/router/index.js:574:18)
    at next (/home/apps/applications/gui-server/ysa-reseller/node_modules/express/lib/router/index.js:220:15)
    at /home/apps/applications/gui-server/ysa-reseller/src/server.js:23:3
    at Layer.handle [as handle_request] (/home/apps/applications/gui-server/ysa-reseller/node_modules/express/lib/router/layer.js:95:5)
    at trim_prefix (/home/apps/applications/gui-server/ysa-reseller/node_modules/express/lib/router/index.js:317:13)
    at /home/apps/applications/gui-server/ysa-reseller/node_modules/express/lib/router/index.js:284:7
    at Function.process_params (/home/apps/applications/gui-server/ysa-reseller/node_modules/express/lib/router/index.js:335:12)
URIError: Failed to decode param '/theme/META-INF/dojo%C0%AF..%C0%AF..%C0%AF..%C0%AF..%C0%AF..%C0%AF..%C0%AF..%C0%AF..%C0%AF..%C0%AF..%C0%AF..%C0%AF..%C0%AFwindows/win.ini'
    at decodeURIComponent (<anonymous>)
    at decode_param (/home/apps/applications/gui-server/ysa-reseller/node_modules/express/lib/router/layer.js:172:12)
    at Layer.match (/home/apps/applications/gui-server/ysa-reseller/node_modules/express/lib/router/layer.js:123:27)
    at matchLayer (/home/apps/applications/gui-server/ysa-reseller/node_modules/express/lib/router/index.js:574:18)
    at next (/home/apps/applications/gui-server/ysa-reseller/node_modules/express/lib/router/index.js:220:15)
    at /home/apps/applications/gui-server/ysa-reseller/src/server.js:23:3
    at Layer.handle [as handle_request] (/home/apps/applications/gui-server/ysa-reseller/node_modules/express/lib/router/layer.js:95:5)
    at trim_prefix (/home/apps/applications/gui-server/ysa-reseller/node_modules/express/lib/router/index.js:317:13)
    at /home/apps/applications/gui-server/ysa-reseller/node_modules/express/lib/router/index.js:284:7
    at Function.process_params (/home/apps/applications/gui-server/ysa-reseller/node_modules/express/lib/router/index.js:335:12)
URIError: Failed to decode param '/theme/META-INF/json%C0%AF..%C0%AF..%C0%AF..%C0%AF..%C0%AF..%C0%AF..%C0%AF..%C0%AF..%C0%AF..%C0%AF..%C0%AF..%C0%AF..%C0%AFwindows/win.ini'
    at decodeURIComponent (<anonymous>)
    at decode_param (/home/apps/applications/gui-server/ysa-reseller/node_modules/express/lib/router/layer.js:172:12)
    at Layer.match (/home/apps/applications/gui-server/ysa-reseller/node_modules/express/lib/router/layer.js:123:27)
    at matchLayer (/home/apps/applications/gui-server/ysa-reseller/node_modules/express/lib/router/index.js:574:18)
    at next (/home/apps/applications/gui-server/ysa-reseller/node_modules/express/lib/router/index.js:220:15)
    at /home/apps/applications/gui-server/ysa-reseller/src/server.js:23:3
    at Layer.handle [as handle_request] (/home/apps/applications/gui-server/ysa-reseller/node_modules/express/lib/router/layer.js:95:5)
    at trim_prefix (/home/apps/applications/gui-server/ysa-reseller/node_modules/express/lib/router/index.js:317:13)
    at /home/apps/applications/gui-server/ysa-reseller/node_modules/express/lib/router/index.js:284:7
    at Function.process_params (/home/apps/applications/gui-server/ysa-reseller/node_modules/express/lib/router/index.js:335:12)
URIError: Failed to decode param '/theme/META-INF/prototype%C0%AF..%C0%AF..%C0%AF..%C0%AF..%C0%AF..%C0%AF..%C0%AF..%C0%AF..%C0%AF..%C0%AF..%C0%AF..%C0%AF..%C0%AFwindows/win.ini'
    at decodeURIComponent (<anonymous>)
    at decode_param (/home/apps/applications/gui-server/ysa-reseller/node_modules/express/lib/router/layer.js:172:12)
    at Layer.match (/home/apps/applications/gui-server/ysa-reseller/node_modules/express/lib/router/layer.js:123:27)
    at matchLayer (/home/apps/applications/gui-server/ysa-reseller/node_modules/express/lib/router/index.js:574:18)
    at next (/home/apps/applications/gui-server/ysa-reseller/node_modules/express/lib/router/index.js:220:15)
    at /home/apps/applications/gui-server/ysa-reseller/src/server.js:23:3
    at Layer.handle [as handle_request] (/home/apps/applications/gui-server/ysa-reseller/node_modules/express/lib/router/layer.js:95:5)
    at trim_prefix (/home/apps/applications/gui-server/ysa-reseller/node_modules/express/lib/router/index.js:317:13)
    at /home/apps/applications/gui-server/ysa-reseller/node_modules/express/lib/router/index.js:284:7
    at Function.process_params (/home/apps/applications/gui-server/ysa-reseller/node_modules/express/lib/router/index.js:335:12)
URIError: Failed to decode param '/login/%C0%AE%C0%AE/%C0%AE%C0%AE/%C0%AE%C0%AE/%C0%AE%C0%AE/%C0%AE%C0%AE/%C0%AE%C0%AE/%C0%AE%C0%AE/%C0%AE%C0%AE/%C0%AE%C0%AE/%C0%AE%C0%AE/%C0%AE%C0%AE/%C0%AE%C0%AE/boot.ini'
    at decodeURIComponent (<anonymous>)
    at decode_param (/home/apps/applications/gui-server/ysa-reseller/node_modules/express/lib/router/layer.js:172:12)
    at Layer.match (/home/apps/applications/gui-server/ysa-reseller/node_modules/express/lib/router/layer.js:123:27)
    at matchLayer (/home/apps/applications/gui-server/ysa-reseller/node_modules/express/lib/router/index.js:574:18)
    at next (/home/apps/applications/gui-server/ysa-reseller/node_modules/express/lib/router/index.js:220:15)
    at /home/apps/applications/gui-server/ysa-reseller/src/server.js:23:3
    at Layer.handle [as handle_request] (/home/apps/applications/gui-server/ysa-reseller/node_modules/express/lib/router/layer.js:95:5)
    at trim_prefix (/home/apps/applications/gui-server/ysa-reseller/node_modules/express/lib/router/index.js:317:13)
    at /home/apps/applications/gui-server/ysa-reseller/node_modules/express/lib/router/index.js:284:7
    at Function.process_params (/home/apps/applications/gui-server/ysa-reseller/node_modules/express/lib/router/index.js:335:12)
URIError: Failed to decode param '/login/%C0%AE%C0%AE/%C0%AE%C0%AE/%C0%AE%C0%AE/%C0%AE%C0%AE/%C0%AE%C0%AE/%C0%AE%C0%AE/%C0%AE%C0%AE/%C0%AE%C0%AE/%C0%AE%C0%AE/%C0%AE%C0%AE/%C0%AE%C0%AE/%C0%AE%C0%AE/etc/passwd'
    at decodeURIComponent (<anonymous>)
    at decode_param (/home/apps/applications/gui-server/ysa-reseller/node_modules/express/lib/router/layer.js:172:12)
    at Layer.match (/home/apps/applications/gui-server/ysa-reseller/node_modules/express/lib/router/layer.js:123:27)
    at matchLayer (/home/apps/applications/gui-server/ysa-reseller/node_modules/express/lib/router/index.js:574:18)
    at next (/home/apps/applications/gui-server/ysa-reseller/node_modules/express/lib/router/index.js:220:15)
    at /home/apps/applications/gui-server/ysa-reseller/src/server.js:23:3
    at Layer.handle [as handle_request] (/home/apps/applications/gui-server/ysa-reseller/node_modules/express/lib/router/layer.js:95:5)
    at trim_prefix (/home/apps/applications/gui-server/ysa-reseller/node_modules/express/lib/router/index.js:317:13)
    at /home/apps/applications/gui-server/ysa-reseller/node_modules/express/lib/router/index.js:284:7
    at Function.process_params (/home/apps/applications/gui-server/ysa-reseller/node_modules/express/lib/router/index.js:335:12)
URIError: Failed to decode param '/login/%E0%80%AE%E0%80%AE/%E0%80%AE%E0%80%AE/%E0%80%AE%E0%80%AE/%E0%80%AE%E0%80%AE/%E0%80%AE%E0%80%AE/%E0%80%AE%E0%80%AE/%E0%80%AE%E0%80%AE/%E0%80%AE%E0%80%AE/%E0%80%AE%E0%80%AE/%E0%80%AE%E0%80%AE/%E0%80%AE%E0%80%AE/%E0%80%AE%E0%80%AE/boot.ini'
    at decodeURIComponent (<anonymous>)
    at decode_param (/home/apps/applications/gui-server/ysa-reseller/node_modules/express/lib/router/layer.js:172:12)
    at Layer.match (/home/apps/applications/gui-server/ysa-reseller/node_modules/express/lib/router/layer.js:123:27)
    at matchLayer (/home/apps/applications/gui-server/ysa-reseller/node_modules/express/lib/router/index.js:574:18)
    at next (/home/apps/applications/gui-server/ysa-reseller/node_modules/express/lib/router/index.js:220:15)
    at /home/apps/applications/gui-server/ysa-reseller/src/server.js:23:3
    at Layer.handle [as handle_request] (/home/apps/applications/gui-server/ysa-reseller/node_modules/express/lib/router/layer.js:95:5)
    at trim_prefix (/home/apps/applications/gui-server/ysa-reseller/node_modules/express/lib/router/index.js:317:13)
    at /home/apps/applications/gui-server/ysa-reseller/node_modules/express/lib/router/index.js:284:7
    at Function.process_params (/home/apps/applications/gui-server/ysa-reseller/node_modules/express/lib/router/index.js:335:12)
URIError: Failed to decode param '/login/%E0%80%AE%E0%80%AE/%E0%80%AE%E0%80%AE/%E0%80%AE%E0%80%AE/%E0%80%AE%E0%80%AE/%E0%80%AE%E0%80%AE/%E0%80%AE%E0%80%AE/%E0%80%AE%E0%80%AE/%E0%80%AE%E0%80%AE/%E0%80%AE%E0%80%AE/%E0%80%AE%E0%80%AE/%E0%80%AE%E0%80%AE/%E0%80%AE%E0%80%AE/etc/passwd'
    at decodeURIComponent (<anonymous>)
    at decode_param (/home/apps/applications/gui-server/ysa-reseller/node_modules/express/lib/router/layer.js:172:12)
    at Layer.match (/home/apps/applications/gui-server/ysa-reseller/node_modules/express/lib/router/layer.js:123:27)
    at matchLayer (/home/apps/applications/gui-server/ysa-reseller/node_modules/express/lib/router/index.js:574:18)
    at next (/home/apps/applications/gui-server/ysa-reseller/node_modules/express/lib/router/index.js:220:15)
    at /home/apps/applications/gui-server/ysa-reseller/src/server.js:23:3
    at Layer.handle [as handle_request] (/home/apps/applications/gui-server/ysa-reseller/node_modules/express/lib/router/layer.js:95:5)
    at trim_prefix (/home/apps/applications/gui-server/ysa-reseller/node_modules/express/lib/router/index.js:317:13)
    at /home/apps/applications/gui-server/ysa-reseller/node_modules/express/lib/router/index.js:284:7
    at Function.process_params (/home/apps/applications/gui-server/ysa-reseller/node_modules/express/lib/router/index.js:335:12)
URIError: Failed to decode param '/login/%F0%80%80%AE%F0%80%80%AE/%F0%80%80%AE%F0%80%80%AE/%F0%80%80%AE%F0%80%80%AE/%F0%80%80%AE%F0%80%80%AE/%F0%80%80%AE%F0%80%80%AE/%F0%80%80%AE%F0%80%80%AE/%F0%80%80%AE%F0%80%80%AE/%F0%80%80%AE%F0%80%80%AE/%F0%80%80%AE%F0%80%80%AE/%F0%80%80%AE%F0%80%80%AE/%F0%80%80%AE%F0%80%80%AE/%F0%80%80%AE%F0%80%80%AE/boot.ini'
    at decodeURIComponent (<anonymous>)
    at decode_param (/home/apps/applications/gui-server/ysa-reseller/node_modules/express/lib/router/layer.js:172:12)
    at Layer.match (/home/apps/applications/gui-server/ysa-reseller/node_modules/express/lib/router/layer.js:123:27)
    at matchLayer (/home/apps/applications/gui-server/ysa-reseller/node_modules/express/lib/router/index.js:574:18)
    at next (/home/apps/applications/gui-server/ysa-reseller/node_modules/express/lib/router/index.js:220:15)
    at /home/apps/applications/gui-server/ysa-reseller/src/server.js:23:3
    at Layer.handle [as handle_request] (/home/apps/applications/gui-server/ysa-reseller/node_modules/express/lib/router/layer.js:95:5)
    at trim_prefix (/home/apps/applications/gui-server/ysa-reseller/node_modules/express/lib/router/index.js:317:13)
    at /home/apps/applications/gui-server/ysa-reseller/node_modules/express/lib/router/index.js:284:7
    at Function.process_params (/home/apps/applications/gui-server/ysa-reseller/node_modules/express/lib/router/index.js:335:12)
URIError: Failed to decode param '/login/%F0%80%80%AE%F0%80%80%AE/%F0%80%80%AE%F0%80%80%AE/%F0%80%80%AE%F0%80%80%AE/%F0%80%80%AE%F0%80%80%AE/%F0%80%80%AE%F0%80%80%AE/%F0%80%80%AE%F0%80%80%AE/%F0%80%80%AE%F0%80%80%AE/%F0%80%80%AE%F0%80%80%AE/%F0%80%80%AE%F0%80%80%AE/%F0%80%80%AE%F0%80%80%AE/%F0%80%80%AE%F0%80%80%AE/%F0%80%80%AE%F0%80%80%AE/etc/passwd'
    at decodeURIComponent (<anonymous>)
    at decode_param (/home/apps/applications/gui-server/ysa-reseller/node_modules/express/lib/router/layer.js:172:12)
    at Layer.match (/home/apps/applications/gui-server/ysa-reseller/node_modules/express/lib/router/layer.js:123:27)
    at matchLayer (/home/apps/applications/gui-server/ysa-reseller/node_modules/express/lib/router/index.js:574:18)
    at next (/home/apps/applications/gui-server/ysa-reseller/node_modules/express/lib/router/index.js:220:15)
    at /home/apps/applications/gui-server/ysa-reseller/src/server.js:23:3
    at Layer.handle [as handle_request] (/home/apps/applications/gui-server/ysa-reseller/node_modules/express/lib/router/layer.js:95:5)
    at trim_prefix (/home/apps/applications/gui-server/ysa-reseller/node_modules/express/lib/router/index.js:317:13)
    at /home/apps/applications/gui-server/ysa-reseller/node_modules/express/lib/router/index.js:284:7
    at Function.process_params (/home/apps/applications/gui-server/ysa-reseller/node_modules/express/lib/router/index.js:335:12)
URIError: Failed to decode param '/login/%F8%80%80%80%AE%F8%80%80%80%AE/%F8%80%80%80%AE%F8%80%80%80%AE/%F8%80%80%80%AE%F8%80%80%80%AE/%F8%80%80%80%AE%F8%80%80%80%AE/%F8%80%80%80%AE%F8%80%80%80%AE/%F8%80%80%80%AE%F8%80%80%80%AE/%F8%80%80%80%AE%F8%80%80%80%AE/%F8%80%80%80%AE%F8%80%80%80%AE/%F8%80%80%80%AE%F8%80%80%80%AE/%F8%80%80%80%AE%F8%80%80%80%AE/%F8%80%80%80%AE%F8%80%80%80%AE/%F8%80%80%80%AE%F8%80%80%80%AE/boot.ini'
    at decodeURIComponent (<anonymous>)
    at decode_param (/home/apps/applications/gui-server/ysa-reseller/node_modules/express/lib/router/layer.js:172:12)
    at Layer.match (/home/apps/applications/gui-server/ysa-reseller/node_modules/express/lib/router/layer.js:123:27)
    at matchLayer (/home/apps/applications/gui-server/ysa-reseller/node_modules/express/lib/router/index.js:574:18)
    at next (/home/apps/applications/gui-server/ysa-reseller/node_modules/express/lib/router/index.js:220:15)
    at /home/apps/applications/gui-server/ysa-reseller/src/server.js:23:3
    at Layer.handle [as handle_request] (/home/apps/applications/gui-server/ysa-reseller/node_modules/express/lib/router/layer.js:95:5)
    at trim_prefix (/home/apps/applications/gui-server/ysa-reseller/node_modules/express/lib/router/index.js:317:13)
    at /home/apps/applications/gui-server/ysa-reseller/node_modules/express/lib/router/index.js:284:7
    at Function.process_params (/home/apps/applications/gui-server/ysa-reseller/node_modules/express/lib/router/index.js:335:12)
URIError: Failed to decode param '/login/%F8%80%80%80%AE%F8%80%80%80%AE/%F8%80%80%80%AE%F8%80%80%80%AE/%F8%80%80%80%AE%F8%80%80%80%AE/%F8%80%80%80%AE%F8%80%80%80%AE/%F8%80%80%80%AE%F8%80%80%80%AE/%F8%80%80%80%AE%F8%80%80%80%AE/%F8%80%80%80%AE%F8%80%80%80%AE/%F8%80%80%80%AE%F8%80%80%80%AE/%F8%80%80%80%AE%F8%80%80%80%AE/%F8%80%80%80%AE%F8%80%80%80%AE/%F8%80%80%80%AE%F8%80%80%80%AE/%F8%80%80%80%AE%F8%80%80%80%AE/etc/passwd'
    at decodeURIComponent (<anonymous>)
    at decode_param (/home/apps/applications/gui-server/ysa-reseller/node_modules/express/lib/router/layer.js:172:12)
    at Layer.match (/home/apps/applications/gui-server/ysa-reseller/node_modules/express/lib/router/layer.js:123:27)
    at matchLayer (/home/apps/applications/gui-server/ysa-reseller/node_modules/express/lib/router/index.js:574:18)
    at next (/home/apps/applications/gui-server/ysa-reseller/node_modules/express/lib/router/index.js:220:15)
    at /home/apps/applications/gui-server/ysa-reseller/src/server.js:23:3
    at Layer.handle [as handle_request] (/home/apps/applications/gui-server/ysa-reseller/node_modules/express/lib/router/layer.js:95:5)
    at trim_prefix (/home/apps/applications/gui-server/ysa-reseller/node_modules/express/lib/router/index.js:317:13)
    at /home/apps/applications/gui-server/ysa-reseller/node_modules/express/lib/router/index.js:284:7
    at Function.process_params (/home/apps/applications/gui-server/ysa-reseller/node_modules/express/lib/router/index.js:335:12)
URIError: Failed to decode param '/login/%C0%AE%C0%AE/%C0%AE%C0%AE/%C0%AE%C0%AE/%C0%AE%C0%AE/%C0%AE%C0%AE/%C0%AE%C0%AE/%C0%AE%C0%AE/%C0%AE%C0%AE/%C0%AE%C0%AE/%C0%AE%C0%AE/%C0%AE%C0%AE/%C0%AE%C0%AE/boot.ini'
    at decodeURIComponent (<anonymous>)
    at decode_param (/home/apps/applications/gui-server/ysa-reseller/node_modules/express/lib/router/layer.js:172:12)
    at Layer.match (/home/apps/applications/gui-server/ysa-reseller/node_modules/express/lib/router/layer.js:123:27)
    at matchLayer (/home/apps/applications/gui-server/ysa-reseller/node_modules/express/lib/router/index.js:574:18)
    at next (/home/apps/applications/gui-server/ysa-reseller/node_modules/express/lib/router/index.js:220:15)
    at /home/apps/applications/gui-server/ysa-reseller/src/server.js:23:3
    at Layer.handle [as handle_request] (/home/apps/applications/gui-server/ysa-reseller/node_modules/express/lib/router/layer.js:95:5)
    at trim_prefix (/home/apps/applications/gui-server/ysa-reseller/node_modules/express/lib/router/index.js:317:13)
    at /home/apps/applications/gui-server/ysa-reseller/node_modules/express/lib/router/index.js:284:7
    at Function.process_params (/home/apps/applications/gui-server/ysa-reseller/node_modules/express/lib/router/index.js:335:12)
URIError: Failed to decode param '/login/%C0%AE%C0%AE/%C0%AE%C0%AE/%C0%AE%C0%AE/%C0%AE%C0%AE/%C0%AE%C0%AE/%C0%AE%C0%AE/%C0%AE%C0%AE/%C0%AE%C0%AE/%C0%AE%C0%AE/%C0%AE%C0%AE/%C0%AE%C0%AE/%C0%AE%C0%AE/etc/passwd'
    at decodeURIComponent (<anonymous>)
    at decode_param (/home/apps/applications/gui-server/ysa-reseller/node_modules/express/lib/router/layer.js:172:12)
    at Layer.match (/home/apps/applications/gui-server/ysa-reseller/node_modules/express/lib/router/layer.js:123:27)
    at matchLayer (/home/apps/applications/gui-server/ysa-reseller/node_modules/express/lib/router/index.js:574:18)
    at next (/home/apps/applications/gui-server/ysa-reseller/node_modules/express/lib/router/index.js:220:15)
    at /home/apps/applications/gui-server/ysa-reseller/src/server.js:23:3
    at Layer.handle [as handle_request] (/home/apps/applications/gui-server/ysa-reseller/node_modules/express/lib/router/layer.js:95:5)
    at trim_prefix (/home/apps/applications/gui-server/ysa-reseller/node_modules/express/lib/router/index.js:317:13)
    at /home/apps/applications/gui-server/ysa-reseller/node_modules/express/lib/router/index.js:284:7
    at Function.process_params (/home/apps/applications/gui-server/ysa-reseller/node_modules/express/lib/router/index.js:335:12)
URIError: Failed to decode param '/login/%E0%80%AE%E0%80%AE/%E0%80%AE%E0%80%AE/%E0%80%AE%E0%80%AE/%E0%80%AE%E0%80%AE/%E0%80%AE%E0%80%AE/%E0%80%AE%E0%80%AE/%E0%80%AE%E0%80%AE/%E0%80%AE%E0%80%AE/%E0%80%AE%E0%80%AE/%E0%80%AE%E0%80%AE/%E0%80%AE%E0%80%AE/%E0%80%AE%E0%80%AE/boot.ini'
    at decodeURIComponent (<anonymous>)
    at decode_param (/home/apps/applications/gui-server/ysa-reseller/node_modules/express/lib/router/layer.js:172:12)
    at Layer.match (/home/apps/applications/gui-server/ysa-reseller/node_modules/express/lib/router/layer.js:123:27)
    at matchLayer (/home/apps/applications/gui-server/ysa-reseller/node_modules/express/lib/router/index.js:574:18)
    at next (/home/apps/applications/gui-server/ysa-reseller/node_modules/express/lib/router/index.js:220:15)
    at /home/apps/applications/gui-server/ysa-reseller/src/server.js:23:3
    at Layer.handle [as handle_request] (/home/apps/applications/gui-server/ysa-reseller/node_modules/express/lib/router/layer.js:95:5)
    at trim_prefix (/home/apps/applications/gui-server/ysa-reseller/node_modules/express/lib/router/index.js:317:13)
    at /home/apps/applications/gui-server/ysa-reseller/node_modules/express/lib/router/index.js:284:7
    at Function.process_params (/home/apps/applications/gui-server/ysa-reseller/node_modules/express/lib/router/index.js:335:12)
URIError: Failed to decode param '/login/%E0%80%AE%E0%80%AE/%E0%80%AE%E0%80%AE/%E0%80%AE%E0%80%AE/%E0%80%AE%E0%80%AE/%E0%80%AE%E0%80%AE/%E0%80%AE%E0%80%AE/%E0%80%AE%E0%80%AE/%E0%80%AE%E0%80%AE/%E0%80%AE%E0%80%AE/%E0%80%AE%E0%80%AE/%E0%80%AE%E0%80%AE/%E0%80%AE%E0%80%AE/etc/passwd'
    at decodeURIComponent (<anonymous>)
    at decode_param (/home/apps/applications/gui-server/ysa-reseller/node_modules/express/lib/router/layer.js:172:12)
    at Layer.match (/home/apps/applications/gui-server/ysa-reseller/node_modules/express/lib/router/layer.js:123:27)
    at matchLayer (/home/apps/applications/gui-server/ysa-reseller/node_modules/express/lib/router/index.js:574:18)
    at next (/home/apps/applications/gui-server/ysa-reseller/node_modules/express/lib/router/index.js:220:15)
    at /home/apps/applications/gui-server/ysa-reseller/src/server.js:23:3
    at Layer.handle [as handle_request] (/home/apps/applications/gui-server/ysa-reseller/node_modules/express/lib/router/layer.js:95:5)
    at trim_prefix (/home/apps/applications/gui-server/ysa-reseller/node_modules/express/lib/router/index.js:317:13)
    at /home/apps/applications/gui-server/ysa-reseller/node_modules/express/lib/router/index.js:284:7
    at Function.process_params (/home/apps/applications/gui-server/ysa-reseller/node_modules/express/lib/router/index.js:335:12)
URIError: Failed to decode param '/login/%F0%80%80%AE%F0%80%80%AE/%F0%80%80%AE%F0%80%80%AE/%F0%80%80%AE%F0%80%80%AE/%F0%80%80%AE%F0%80%80%AE/%F0%80%80%AE%F0%80%80%AE/%F0%80%80%AE%F0%80%80%AE/%F0%80%80%AE%F0%80%80%AE/%F0%80%80%AE%F0%80%80%AE/%F0%80%80%AE%F0%80%80%AE/%F0%80%80%AE%F0%80%80%AE/%F0%80%80%AE%F0%80%80%AE/%F0%80%80%AE%F0%80%80%AE/boot.ini'
    at decodeURIComponent (<anonymous>)
    at decode_param (/home/apps/applications/gui-server/ysa-reseller/node_modules/express/lib/router/layer.js:172:12)
    at Layer.match (/home/apps/applications/gui-server/ysa-reseller/node_modules/express/lib/router/layer.js:123:27)
    at matchLayer (/home/apps/applications/gui-server/ysa-reseller/node_modules/express/lib/router/index.js:574:18)
    at next (/home/apps/applications/gui-server/ysa-reseller/node_modules/express/lib/router/index.js:220:15)
    at /home/apps/applications/gui-server/ysa-reseller/src/server.js:23:3
    at Layer.handle [as handle_request] (/home/apps/applications/gui-server/ysa-reseller/node_modules/express/lib/router/layer.js:95:5)
    at trim_prefix (/home/apps/applications/gui-server/ysa-reseller/node_modules/express/lib/router/index.js:317:13)
    at /home/apps/applications/gui-server/ysa-reseller/node_modules/express/lib/router/index.js:284:7
    at Function.process_params (/home/apps/applications/gui-server/ysa-reseller/node_modules/express/lib/router/index.js:335:12)
URIError: Failed to decode param '/login/%F0%80%80%AE%F0%80%80%AE/%F0%80%80%AE%F0%80%80%AE/%F0%80%80%AE%F0%80%80%AE/%F0%80%80%AE%F0%80%80%AE/%F0%80%80%AE%F0%80%80%AE/%F0%80%80%AE%F0%80%80%AE/%F0%80%80%AE%F0%80%80%AE/%F0%80%80%AE%F0%80%80%AE/%F0%80%80%AE%F0%80%80%AE/%F0%80%80%AE%F0%80%80%AE/%F0%80%80%AE%F0%80%80%AE/%F0%80%80%AE%F0%80%80%AE/etc/passwd'
    at decodeURIComponent (<anonymous>)
    at decode_param (/home/apps/applications/gui-server/ysa-reseller/node_modules/express/lib/router/layer.js:172:12)
    at Layer.match (/home/apps/applications/gui-server/ysa-reseller/node_modules/express/lib/router/layer.js:123:27)
    at matchLayer (/home/apps/applications/gui-server/ysa-reseller/node_modules/express/lib/router/index.js:574:18)
    at next (/home/apps/applications/gui-server/ysa-reseller/node_modules/express/lib/router/index.js:220:15)
    at /home/apps/applications/gui-server/ysa-reseller/src/server.js:23:3
    at Layer.handle [as handle_request] (/home/apps/applications/gui-server/ysa-reseller/node_modules/express/lib/router/layer.js:95:5)
    at trim_prefix (/home/apps/applications/gui-server/ysa-reseller/node_modules/express/lib/router/index.js:317:13)
    at /home/apps/applications/gui-server/ysa-reseller/node_modules/express/lib/router/index.js:284:7
    at Function.process_params (/home/apps/applications/gui-server/ysa-reseller/node_modules/express/lib/router/index.js:335:12)
URIError: Failed to decode param '/login/%F8%80%80%80%AE%F8%80%80%80%AE/%F8%80%80%80%AE%F8%80%80%80%AE/%F8%80%80%80%AE%F8%80%80%80%AE/%F8%80%80%80%AE%F8%80%80%80%AE/%F8%80%80%80%AE%F8%80%80%80%AE/%F8%80%80%80%AE%F8%80%80%80%AE/%F8%80%80%80%AE%F8%80%80%80%AE/%F8%80%80%80%AE%F8%80%80%80%AE/%F8%80%80%80%AE%F8%80%80%80%AE/%F8%80%80%80%AE%F8%80%80%80%AE/%F8%80%80%80%AE%F8%80%80%80%AE/%F8%80%80%80%AE%F8%80%80%80%AE/boot.ini'
    at decodeURIComponent (<anonymous>)
    at decode_param (/home/apps/applications/gui-server/ysa-reseller/node_modules/express/lib/router/layer.js:172:12)
    at Layer.match (/home/apps/applications/gui-server/ysa-reseller/node_modules/express/lib/router/layer.js:123:27)
    at matchLayer (/home/apps/applications/gui-server/ysa-reseller/node_modules/express/lib/router/index.js:574:18)
    at next (/home/apps/applications/gui-server/ysa-reseller/node_modules/express/lib/router/index.js:220:15)
    at /home/apps/applications/gui-server/ysa-reseller/src/server.js:23:3
    at Layer.handle [as handle_request] (/home/apps/applications/gui-server/ysa-reseller/node_modules/express/lib/router/layer.js:95:5)
    at trim_prefix (/home/apps/applications/gui-server/ysa-reseller/node_modules/express/lib/router/index.js:317:13)
    at /home/apps/applications/gui-server/ysa-reseller/node_modules/express/lib/router/index.js:284:7
    at Function.process_params (/home/apps/applications/gui-server/ysa-reseller/node_modules/express/lib/router/index.js:335:12)
URIError: Failed to decode param '/login/%F8%80%80%80%AE%F8%80%80%80%AE/%F8%80%80%80%AE%F8%80%80%80%AE/%F8%80%80%80%AE%F8%80%80%80%AE/%F8%80%80%80%AE%F8%80%80%80%AE/%F8%80%80%80%AE%F8%80%80%80%AE/%F8%80%80%80%AE%F8%80%80%80%AE/%F8%80%80%80%AE%F8%80%80%80%AE/%F8%80%80%80%AE%F8%80%80%80%AE/%F8%80%80%80%AE%F8%80%80%80%AE/%F8%80%80%80%AE%F8%80%80%80%AE/%F8%80%80%80%AE%F8%80%80%80%AE/%F8%80%80%80%AE%F8%80%80%80%AE/etc/passwd'
    at decodeURIComponent (<anonymous>)
    at decode_param (/home/apps/applications/gui-server/ysa-reseller/node_modules/express/lib/router/layer.js:172:12)
    at Layer.match (/home/apps/applications/gui-server/ysa-reseller/node_modules/express/lib/router/layer.js:123:27)
    at matchLayer (/home/apps/applications/gui-server/ysa-reseller/node_modules/express/lib/router/index.js:574:18)
    at next (/home/apps/applications/gui-server/ysa-reseller/node_modules/express/lib/router/index.js:220:15)
    at /home/apps/applications/gui-server/ysa-reseller/src/server.js:23:3
    at Layer.handle [as handle_request] (/home/apps/applications/gui-server/ysa-reseller/node_modules/express/lib/router/layer.js:95:5)
    at trim_prefix (/home/apps/applications/gui-server/ysa-reseller/node_modules/express/lib/router/index.js:317:13)
    at /home/apps/applications/gui-server/ysa-reseller/node_modules/express/lib/router/index.js:284:7
    at Function.process_params (/home/apps/applications/gui-server/ysa-reseller/node_modules/express/lib/router/index.js:335:12)
URIError: Failed to decode param '/css/%C0%AE%C0%AE/%C0%AE%C0%AE/%C0%AE%C0%AE/%C0%AE%C0%AE/%C0%AE%C0%AE/%C0%AE%C0%AE/%C0%AE%C0%AE/%C0%AE%C0%AE/%C0%AE%C0%AE/%C0%AE%C0%AE/%C0%AE%C0%AE/%C0%AE%C0%AE/boot.ini'
    at decodeURIComponent (<anonymous>)
    at decode_param (/home/apps/applications/gui-server/ysa-reseller/node_modules/express/lib/router/layer.js:172:12)
    at Layer.match (/home/apps/applications/gui-server/ysa-reseller/node_modules/express/lib/router/layer.js:123:27)
    at matchLayer (/home/apps/applications/gui-server/ysa-reseller/node_modules/express/lib/router/index.js:574:18)
    at next (/home/apps/applications/gui-server/ysa-reseller/node_modules/express/lib/router/index.js:220:15)
    at /home/apps/applications/gui-server/ysa-reseller/src/server.js:23:3
    at Layer.handle [as handle_request] (/home/apps/applications/gui-server/ysa-reseller/node_modules/express/lib/router/layer.js:95:5)
    at trim_prefix (/home/apps/applications/gui-server/ysa-reseller/node_modules/express/lib/router/index.js:317:13)
    at /home/apps/applications/gui-server/ysa-reseller/node_modules/express/lib/router/index.js:284:7
    at Function.process_params (/home/apps/applications/gui-server/ysa-reseller/node_modules/express/lib/router/index.js:335:12)
URIError: Failed to decode param '/js/%C0%AE%C0%AE/%C0%AE%C0%AE/%C0%AE%C0%AE/%C0%AE%C0%AE/%C0%AE%C0%AE/%C0%AE%C0%AE/%C0%AE%C0%AE/%C0%AE%C0%AE/%C0%AE%C0%AE/%C0%AE%C0%AE/%C0%AE%C0%AE/%C0%AE%C0%AE/boot.ini'
    at decodeURIComponent (<anonymous>)
    at decode_param (/home/apps/applications/gui-server/ysa-reseller/node_modules/express/lib/router/layer.js:172:12)
    at Layer.match (/home/apps/applications/gui-server/ysa-reseller/node_modules/express/lib/router/layer.js:123:27)
    at matchLayer (/home/apps/applications/gui-server/ysa-reseller/node_modules/express/lib/router/index.js:574:18)
    at next (/home/apps/applications/gui-server/ysa-reseller/node_modules/express/lib/router/index.js:220:15)
    at /home/apps/applications/gui-server/ysa-reseller/src/server.js:23:3
    at Layer.handle [as handle_request] (/home/apps/applications/gui-server/ysa-reseller/node_modules/express/lib/router/layer.js:95:5)
    at trim_prefix (/home/apps/applications/gui-server/ysa-reseller/node_modules/express/lib/router/index.js:317:13)
    at /home/apps/applications/gui-server/ysa-reseller/node_modules/express/lib/router/index.js:284:7
    at Function.process_params (/home/apps/applications/gui-server/ysa-reseller/node_modules/express/lib/router/index.js:335:12)
URIError: Failed to decode param '/css/%C0%AE%C0%AE/%C0%AE%C0%AE/%C0%AE%C0%AE/%C0%AE%C0%AE/%C0%AE%C0%AE/%C0%AE%C0%AE/%C0%AE%C0%AE/%C0%AE%C0%AE/%C0%AE%C0%AE/%C0%AE%C0%AE/%C0%AE%C0%AE/%C0%AE%C0%AE/etc/passwd'
    at decodeURIComponent (<anonymous>)
    at decode_param (/home/apps/applications/gui-server/ysa-reseller/node_modules/express/lib/router/layer.js:172:12)
    at Layer.match (/home/apps/applications/gui-server/ysa-reseller/node_modules/express/lib/router/layer.js:123:27)
    at matchLayer (/home/apps/applications/gui-server/ysa-reseller/node_modules/express/lib/router/index.js:574:18)
    at next (/home/apps/applications/gui-server/ysa-reseller/node_modules/express/lib/router/index.js:220:15)
    at /home/apps/applications/gui-server/ysa-reseller/src/server.js:23:3
    at Layer.handle [as handle_request] (/home/apps/applications/gui-server/ysa-reseller/node_modules/express/lib/router/layer.js:95:5)
    at trim_prefix (/home/apps/applications/gui-server/ysa-reseller/node_modules/express/lib/router/index.js:317:13)
    at /home/apps/applications/gui-server/ysa-reseller/node_modules/express/lib/router/index.js:284:7
    at Function.process_params (/home/apps/applications/gui-server/ysa-reseller/node_modules/express/lib/router/index.js:335:12)
URIError: Failed to decode param '/js/%C0%AE%C0%AE/%C0%AE%C0%AE/%C0%AE%C0%AE/%C0%AE%C0%AE/%C0%AE%C0%AE/%C0%AE%C0%AE/%C0%AE%C0%AE/%C0%AE%C0%AE/%C0%AE%C0%AE/%C0%AE%C0%AE/%C0%AE%C0%AE/%C0%AE%C0%AE/etc/passwd'
    at decodeURIComponent (<anonymous>)
    at decode_param (/home/apps/applications/gui-server/ysa-reseller/node_modules/express/lib/router/layer.js:172:12)
    at Layer.match (/home/apps/applications/gui-server/ysa-reseller/node_modules/express/lib/router/layer.js:123:27)
    at matchLayer (/home/apps/applications/gui-server/ysa-reseller/node_modules/express/lib/router/index.js:574:18)
    at next (/home/apps/applications/gui-server/ysa-reseller/node_modules/express/lib/router/index.js:220:15)
    at /home/apps/applications/gui-server/ysa-reseller/src/server.js:23:3
    at Layer.handle [as handle_request] (/home/apps/applications/gui-server/ysa-reseller/node_modules/express/lib/router/layer.js:95:5)
    at trim_prefix (/home/apps/applications/gui-server/ysa-reseller/node_modules/express/lib/router/index.js:317:13)
    at /home/apps/applications/gui-server/ysa-reseller/node_modules/express/lib/router/index.js:284:7
    at Function.process_params (/home/apps/applications/gui-server/ysa-reseller/node_modules/express/lib/router/index.js:335:12)
URIError: Failed to decode param '/css/%E0%80%AE%E0%80%AE/%E0%80%AE%E0%80%AE/%E0%80%AE%E0%80%AE/%E0%80%AE%E0%80%AE/%E0%80%AE%E0%80%AE/%E0%80%AE%E0%80%AE/%E0%80%AE%E0%80%AE/%E0%80%AE%E0%80%AE/%E0%80%AE%E0%80%AE/%E0%80%AE%E0%80%AE/%E0%80%AE%E0%80%AE/%E0%80%AE%E0%80%AE/boot.ini'
    at decodeURIComponent (<anonymous>)
    at decode_param (/home/apps/applications/gui-server/ysa-reseller/node_modules/express/lib/router/layer.js:172:12)
    at Layer.match (/home/apps/applications/gui-server/ysa-reseller/node_modules/express/lib/router/layer.js:123:27)
    at matchLayer (/home/apps/applications/gui-server/ysa-reseller/node_modules/express/lib/router/index.js:574:18)
    at next (/home/apps/applications/gui-server/ysa-reseller/node_modules/express/lib/router/index.js:220:15)
    at /home/apps/applications/gui-server/ysa-reseller/src/server.js:23:3
    at Layer.handle [as handle_request] (/home/apps/applications/gui-server/ysa-reseller/node_modules/express/lib/router/layer.js:95:5)
    at trim_prefix (/home/apps/applications/gui-server/ysa-reseller/node_modules/express/lib/router/index.js:317:13)
    at /home/apps/applications/gui-server/ysa-reseller/node_modules/express/lib/router/index.js:284:7
    at Function.process_params (/home/apps/applications/gui-server/ysa-reseller/node_modules/express/lib/router/index.js:335:12)
URIError: Failed to decode param '/js/%E0%80%AE%E0%80%AE/%E0%80%AE%E0%80%AE/%E0%80%AE%E0%80%AE/%E0%80%AE%E0%80%AE/%E0%80%AE%E0%80%AE/%E0%80%AE%E0%80%AE/%E0%80%AE%E0%80%AE/%E0%80%AE%E0%80%AE/%E0%80%AE%E0%80%AE/%E0%80%AE%E0%80%AE/%E0%80%AE%E0%80%AE/%E0%80%AE%E0%80%AE/boot.ini'
    at decodeURIComponent (<anonymous>)
    at decode_param (/home/apps/applications/gui-server/ysa-reseller/node_modules/express/lib/router/layer.js:172:12)
    at Layer.match (/home/apps/applications/gui-server/ysa-reseller/node_modules/express/lib/router/layer.js:123:27)
    at matchLayer (/home/apps/applications/gui-server/ysa-reseller/node_modules/express/lib/router/index.js:574:18)
    at next (/home/apps/applications/gui-server/ysa-reseller/node_modules/express/lib/router/index.js:220:15)
    at /home/apps/applications/gui-server/ysa-reseller/src/server.js:23:3
    at Layer.handle [as handle_request] (/home/apps/applications/gui-server/ysa-reseller/node_modules/express/lib/router/layer.js:95:5)
    at trim_prefix (/home/apps/applications/gui-server/ysa-reseller/node_modules/express/lib/router/index.js:317:13)
    at /home/apps/applications/gui-server/ysa-reseller/node_modules/express/lib/router/index.js:284:7
    at Function.process_params (/home/apps/applications/gui-server/ysa-reseller/node_modules/express/lib/router/index.js:335:12)
URIError: Failed to decode param '/css/%E0%80%AE%E0%80%AE/%E0%80%AE%E0%80%AE/%E0%80%AE%E0%80%AE/%E0%80%AE%E0%80%AE/%E0%80%AE%E0%80%AE/%E0%80%AE%E0%80%AE/%E0%80%AE%E0%80%AE/%E0%80%AE%E0%80%AE/%E0%80%AE%E0%80%AE/%E0%80%AE%E0%80%AE/%E0%80%AE%E0%80%AE/%E0%80%AE%E0%80%AE/etc/passwd'
    at decodeURIComponent (<anonymous>)
    at decode_param (/home/apps/applications/gui-server/ysa-reseller/node_modules/express/lib/router/layer.js:172:12)
    at Layer.match (/home/apps/applications/gui-server/ysa-reseller/node_modules/express/lib/router/layer.js:123:27)
    at matchLayer (/home/apps/applications/gui-server/ysa-reseller/node_modules/express/lib/router/index.js:574:18)
    at next (/home/apps/applications/gui-server/ysa-reseller/node_modules/express/lib/router/index.js:220:15)
    at /home/apps/applications/gui-server/ysa-reseller/src/server.js:23:3
    at Layer.handle [as handle_request] (/home/apps/applications/gui-server/ysa-reseller/node_modules/express/lib/router/layer.js:95:5)
    at trim_prefix (/home/apps/applications/gui-server/ysa-reseller/node_modules/express/lib/router/index.js:317:13)
    at /home/apps/applications/gui-server/ysa-reseller/node_modules/express/lib/router/index.js:284:7
    at Function.process_params (/home/apps/applications/gui-server/ysa-reseller/node_modules/express/lib/router/index.js:335:12)
URIError: Failed to decode param '/js/%E0%80%AE%E0%80%AE/%E0%80%AE%E0%80%AE/%E0%80%AE%E0%80%AE/%E0%80%AE%E0%80%AE/%E0%80%AE%E0%80%AE/%E0%80%AE%E0%80%AE/%E0%80%AE%E0%80%AE/%E0%80%AE%E0%80%AE/%E0%80%AE%E0%80%AE/%E0%80%AE%E0%80%AE/%E0%80%AE%E0%80%AE/%E0%80%AE%E0%80%AE/etc/passwd'
    at decodeURIComponent (<anonymous>)
    at decode_param (/home/apps/applications/gui-server/ysa-reseller/node_modules/express/lib/router/layer.js:172:12)
    at Layer.match (/home/apps/applications/gui-server/ysa-reseller/node_modules/express/lib/router/layer.js:123:27)
    at matchLayer (/home/apps/applications/gui-server/ysa-reseller/node_modules/express/lib/router/index.js:574:18)
    at next (/home/apps/applications/gui-server/ysa-reseller/node_modules/express/lib/router/index.js:220:15)
    at /home/apps/applications/gui-server/ysa-reseller/src/server.js:23:3
    at Layer.handle [as handle_request] (/home/apps/applications/gui-server/ysa-reseller/node_modules/express/lib/router/layer.js:95:5)
    at trim_prefix (/home/apps/applications/gui-server/ysa-reseller/node_modules/express/lib/router/index.js:317:13)
    at /home/apps/applications/gui-server/ysa-reseller/node_modules/express/lib/router/index.js:284:7
    at Function.process_params (/home/apps/applications/gui-server/ysa-reseller/node_modules/express/lib/router/index.js:335:12)
URIError: Failed to decode param '/css/%F0%80%80%AE%F0%80%80%AE/%F0%80%80%AE%F0%80%80%AE/%F0%80%80%AE%F0%80%80%AE/%F0%80%80%AE%F0%80%80%AE/%F0%80%80%AE%F0%80%80%AE/%F0%80%80%AE%F0%80%80%AE/%F0%80%80%AE%F0%80%80%AE/%F0%80%80%AE%F0%80%80%AE/%F0%80%80%AE%F0%80%80%AE/%F0%80%80%AE%F0%80%80%AE/%F0%80%80%AE%F0%80%80%AE/%F0%80%80%AE%F0%80%80%AE/boot.ini'
    at decodeURIComponent (<anonymous>)
    at decode_param (/home/apps/applications/gui-server/ysa-reseller/node_modules/express/lib/router/layer.js:172:12)
    at Layer.match (/home/apps/applications/gui-server/ysa-reseller/node_modules/express/lib/router/layer.js:123:27)
    at matchLayer (/home/apps/applications/gui-server/ysa-reseller/node_modules/express/lib/router/index.js:574:18)
    at next (/home/apps/applications/gui-server/ysa-reseller/node_modules/express/lib/router/index.js:220:15)
    at /home/apps/applications/gui-server/ysa-reseller/src/server.js:23:3
    at Layer.handle [as handle_request] (/home/apps/applications/gui-server/ysa-reseller/node_modules/express/lib/router/layer.js:95:5)
    at trim_prefix (/home/apps/applications/gui-server/ysa-reseller/node_modules/express/lib/router/index.js:317:13)
    at /home/apps/applications/gui-server/ysa-reseller/node_modules/express/lib/router/index.js:284:7
    at Function.process_params (/home/apps/applications/gui-server/ysa-reseller/node_modules/express/lib/router/index.js:335:12)
URIError: Failed to decode param '/js/%F0%80%80%AE%F0%80%80%AE/%F0%80%80%AE%F0%80%80%AE/%F0%80%80%AE%F0%80%80%AE/%F0%80%80%AE%F0%80%80%AE/%F0%80%80%AE%F0%80%80%AE/%F0%80%80%AE%F0%80%80%AE/%F0%80%80%AE%F0%80%80%AE/%F0%80%80%AE%F0%80%80%AE/%F0%80%80%AE%F0%80%80%AE/%F0%80%80%AE%F0%80%80%AE/%F0%80%80%AE%F0%80%80%AE/%F0%80%80%AE%F0%80%80%AE/boot.ini'
    at decodeURIComponent (<anonymous>)
    at decode_param (/home/apps/applications/gui-server/ysa-reseller/node_modules/express/lib/router/layer.js:172:12)
    at Layer.match (/home/apps/applications/gui-server/ysa-reseller/node_modules/express/lib/router/layer.js:123:27)
    at matchLayer (/home/apps/applications/gui-server/ysa-reseller/node_modules/express/lib/router/index.js:574:18)
    at next (/home/apps/applications/gui-server/ysa-reseller/node_modules/express/lib/router/index.js:220:15)
    at /home/apps/applications/gui-server/ysa-reseller/src/server.js:23:3
    at Layer.handle [as handle_request] (/home/apps/applications/gui-server/ysa-reseller/node_modules/express/lib/router/layer.js:95:5)
    at trim_prefix (/home/apps/applications/gui-server/ysa-reseller/node_modules/express/lib/router/index.js:317:13)
    at /home/apps/applications/gui-server/ysa-reseller/node_modules/express/lib/router/index.js:284:7
    at Function.process_params (/home/apps/applications/gui-server/ysa-reseller/node_modules/express/lib/router/index.js:335:12)
URIError: Failed to decode param '/css/%F0%80%80%AE%F0%80%80%AE/%F0%80%80%AE%F0%80%80%AE/%F0%80%80%AE%F0%80%80%AE/%F0%80%80%AE%F0%80%80%AE/%F0%80%80%AE%F0%80%80%AE/%F0%80%80%AE%F0%80%80%AE/%F0%80%80%AE%F0%80%80%AE/%F0%80%80%AE%F0%80%80%AE/%F0%80%80%AE%F0%80%80%AE/%F0%80%80%AE%F0%80%80%AE/%F0%80%80%AE%F0%80%80%AE/%F0%80%80%AE%F0%80%80%AE/etc/passwd'
    at decodeURIComponent (<anonymous>)
    at decode_param (/home/apps/applications/gui-server/ysa-reseller/node_modules/express/lib/router/layer.js:172:12)
    at Layer.match (/home/apps/applications/gui-server/ysa-reseller/node_modules/express/lib/router/layer.js:123:27)
    at matchLayer (/home/apps/applications/gui-server/ysa-reseller/node_modules/express/lib/router/index.js:574:18)
    at next (/home/apps/applications/gui-server/ysa-reseller/node_modules/express/lib/router/index.js:220:15)
    at /home/apps/applications/gui-server/ysa-reseller/src/server.js:23:3
    at Layer.handle [as handle_request] (/home/apps/applications/gui-server/ysa-reseller/node_modules/express/lib/router/layer.js:95:5)
    at trim_prefix (/home/apps/applications/gui-server/ysa-reseller/node_modules/express/lib/router/index.js:317:13)
    at /home/apps/applications/gui-server/ysa-reseller/node_modules/express/lib/router/index.js:284:7
    at Function.process_params (/home/apps/applications/gui-server/ysa-reseller/node_modules/express/lib/router/index.js:335:12)
URIError: Failed to decode param '/js/%F0%80%80%AE%F0%80%80%AE/%F0%80%80%AE%F0%80%80%AE/%F0%80%80%AE%F0%80%80%AE/%F0%80%80%AE%F0%80%80%AE/%F0%80%80%AE%F0%80%80%AE/%F0%80%80%AE%F0%80%80%AE/%F0%80%80%AE%F0%80%80%AE/%F0%80%80%AE%F0%80%80%AE/%F0%80%80%AE%F0%80%80%AE/%F0%80%80%AE%F0%80%80%AE/%F0%80%80%AE%F0%80%80%AE/%F0%80%80%AE%F0%80%80%AE/etc/passwd'
    at decodeURIComponent (<anonymous>)
    at decode_param (/home/apps/applications/gui-server/ysa-reseller/node_modules/express/lib/router/layer.js:172:12)
    at Layer.match (/home/apps/applications/gui-server/ysa-reseller/node_modules/express/lib/router/layer.js:123:27)
    at matchLayer (/home/apps/applications/gui-server/ysa-reseller/node_modules/express/lib/router/index.js:574:18)
    at next (/home/apps/applications/gui-server/ysa-reseller/node_modules/express/lib/router/index.js:220:15)
    at /home/apps/applications/gui-server/ysa-reseller/src/server.js:23:3
    at Layer.handle [as handle_request] (/home/apps/applications/gui-server/ysa-reseller/node_modules/express/lib/router/layer.js:95:5)
    at trim_prefix (/home/apps/applications/gui-server/ysa-reseller/node_modules/express/lib/router/index.js:317:13)
    at /home/apps/applications/gui-server/ysa-reseller/node_modules/express/lib/router/index.js:284:7
    at Function.process_params (/home/apps/applications/gui-server/ysa-reseller/node_modules/express/lib/router/index.js:335:12)
URIError: Failed to decode param '/css/%F8%80%80%80%AE%F8%80%80%80%AE/%F8%80%80%80%AE%F8%80%80%80%AE/%F8%80%80%80%AE%F8%80%80%80%AE/%F8%80%80%80%AE%F8%80%80%80%AE/%F8%80%80%80%AE%F8%80%80%80%AE/%F8%80%80%80%AE%F8%80%80%80%AE/%F8%80%80%80%AE%F8%80%80%80%AE/%F8%80%80%80%AE%F8%80%80%80%AE/%F8%80%80%80%AE%F8%80%80%80%AE/%F8%80%80%80%AE%F8%80%80%80%AE/%F8%80%80%80%AE%F8%80%80%80%AE/%F8%80%80%80%AE%F8%80%80%80%AE/boot.ini'
    at decodeURIComponent (<anonymous>)
    at decode_param (/home/apps/applications/gui-server/ysa-reseller/node_modules/express/lib/router/layer.js:172:12)
    at Layer.match (/home/apps/applications/gui-server/ysa-reseller/node_modules/express/lib/router/layer.js:123:27)
    at matchLayer (/home/apps/applications/gui-server/ysa-reseller/node_modules/express/lib/router/index.js:574:18)
    at next (/home/apps/applications/gui-server/ysa-reseller/node_modules/express/lib/router/index.js:220:15)
    at /home/apps/applications/gui-server/ysa-reseller/src/server.js:23:3
    at Layer.handle [as handle_request] (/home/apps/applications/gui-server/ysa-reseller/node_modules/express/lib/router/layer.js:95:5)
    at trim_prefix (/home/apps/applications/gui-server/ysa-reseller/node_modules/express/lib/router/index.js:317:13)
    at /home/apps/applications/gui-server/ysa-reseller/node_modules/express/lib/router/index.js:284:7
    at Function.process_params (/home/apps/applications/gui-server/ysa-reseller/node_modules/express/lib/router/index.js:335:12)
URIError: Failed to decode param '/js/%F8%80%80%80%AE%F8%80%80%80%AE/%F8%80%80%80%AE%F8%80%80%80%AE/%F8%80%80%80%AE%F8%80%80%80%AE/%F8%80%80%80%AE%F8%80%80%80%AE/%F8%80%80%80%AE%F8%80%80%80%AE/%F8%80%80%80%AE%F8%80%80%80%AE/%F8%80%80%80%AE%F8%80%80%80%AE/%F8%80%80%80%AE%F8%80%80%80%AE/%F8%80%80%80%AE%F8%80%80%80%AE/%F8%80%80%80%AE%F8%80%80%80%AE/%F8%80%80%80%AE%F8%80%80%80%AE/%F8%80%80%80%AE%F8%80%80%80%AE/boot.ini'
    at decodeURIComponent (<anonymous>)
    at decode_param (/home/apps/applications/gui-server/ysa-reseller/node_modules/express/lib/router/layer.js:172:12)
    at Layer.match (/home/apps/applications/gui-server/ysa-reseller/node_modules/express/lib/router/layer.js:123:27)
    at matchLayer (/home/apps/applications/gui-server/ysa-reseller/node_modules/express/lib/router/index.js:574:18)
    at next (/home/apps/applications/gui-server/ysa-reseller/node_modules/express/lib/router/index.js:220:15)
    at /home/apps/applications/gui-server/ysa-reseller/src/server.js:23:3
    at Layer.handle [as handle_request] (/home/apps/applications/gui-server/ysa-reseller/node_modules/express/lib/router/layer.js:95:5)
    at trim_prefix (/home/apps/applications/gui-server/ysa-reseller/node_modules/express/lib/router/index.js:317:13)
    at /home/apps/applications/gui-server/ysa-reseller/node_modules/express/lib/router/index.js:284:7
    at Function.process_params (/home/apps/applications/gui-server/ysa-reseller/node_modules/express/lib/router/index.js:335:12)
URIError: Failed to decode param '/css/%F8%80%80%80%AE%F8%80%80%80%AE/%F8%80%80%80%AE%F8%80%80%80%AE/%F8%80%80%80%AE%F8%80%80%80%AE/%F8%80%80%80%AE%F8%80%80%80%AE/%F8%80%80%80%AE%F8%80%80%80%AE/%F8%80%80%80%AE%F8%80%80%80%AE/%F8%80%80%80%AE%F8%80%80%80%AE/%F8%80%80%80%AE%F8%80%80%80%AE/%F8%80%80%80%AE%F8%80%80%80%AE/%F8%80%80%80%AE%F8%80%80%80%AE/%F8%80%80%80%AE%F8%80%80%80%AE/%F8%80%80%80%AE%F8%80%80%80%AE/etc/passwd'
    at decodeURIComponent (<anonymous>)
    at decode_param (/home/apps/applications/gui-server/ysa-reseller/node_modules/express/lib/router/layer.js:172:12)
    at Layer.match (/home/apps/applications/gui-server/ysa-reseller/node_modules/express/lib/router/layer.js:123:27)
    at matchLayer (/home/apps/applications/gui-server/ysa-reseller/node_modules/express/lib/router/index.js:574:18)
    at next (/home/apps/applications/gui-server/ysa-reseller/node_modules/express/lib/router/index.js:220:15)
    at /home/apps/applications/gui-server/ysa-reseller/src/server.js:23:3
    at Layer.handle [as handle_request] (/home/apps/applications/gui-server/ysa-reseller/node_modules/express/lib/router/layer.js:95:5)
    at trim_prefix (/home/apps/applications/gui-server/ysa-reseller/node_modules/express/lib/router/index.js:317:13)
    at /home/apps/applications/gui-server/ysa-reseller/node_modules/express/lib/router/index.js:284:7
    at Function.process_params (/home/apps/applications/gui-server/ysa-reseller/node_modules/express/lib/router/index.js:335:12)
URIError: Failed to decode param '/js/%F8%80%80%80%AE%F8%80%80%80%AE/%F8%80%80%80%AE%F8%80%80%80%AE/%F8%80%80%80%AE%F8%80%80%80%AE/%F8%80%80%80%AE%F8%80%80%80%AE/%F8%80%80%80%AE%F8%80%80%80%AE/%F8%80%80%80%AE%F8%80%80%80%AE/%F8%80%80%80%AE%F8%80%80%80%AE/%F8%80%80%80%AE%F8%80%80%80%AE/%F8%80%80%80%AE%F8%80%80%80%AE/%F8%80%80%80%AE%F8%80%80%80%AE/%F8%80%80%80%AE%F8%80%80%80%AE/%F8%80%80%80%AE%F8%80%80%80%AE/etc/passwd'
    at decodeURIComponent (<anonymous>)
    at decode_param (/home/apps/applications/gui-server/ysa-reseller/node_modules/express/lib/router/layer.js:172:12)
    at Layer.match (/home/apps/applications/gui-server/ysa-reseller/node_modules/express/lib/router/layer.js:123:27)
    at matchLayer (/home/apps/applications/gui-server/ysa-reseller/node_modules/express/lib/router/index.js:574:18)
    at next (/home/apps/applications/gui-server/ysa-reseller/node_modules/express/lib/router/index.js:220:15)
    at /home/apps/applications/gui-server/ysa-reseller/src/server.js:23:3
    at Layer.handle [as handle_request] (/home/apps/applications/gui-server/ysa-reseller/node_modules/express/lib/router/layer.js:95:5)
    at trim_prefix (/home/apps/applications/gui-server/ysa-reseller/node_modules/express/lib/router/index.js:317:13)
    at /home/apps/applications/gui-server/ysa-reseller/node_modules/express/lib/router/index.js:284:7
    at Function.process_params (/home/apps/applications/gui-server/ysa-reseller/node_modules/express/lib/router/index.js:335:12)
URIError: Failed to decode param '/login/css/%C0%AE%C0%AE/%C0%AE%C0%AE/%C0%AE%C0%AE/%C0%AE%C0%AE/%C0%AE%C0%AE/%C0%AE%C0%AE/%C0%AE%C0%AE/%C0%AE%C0%AE/%C0%AE%C0%AE/%C0%AE%C0%AE/%C0%AE%C0%AE/%C0%AE%C0%AE/boot.ini'
    at decodeURIComponent (<anonymous>)
    at decode_param (/home/apps/applications/gui-server/ysa-reseller/node_modules/express/lib/router/layer.js:172:12)
    at Layer.match (/home/apps/applications/gui-server/ysa-reseller/node_modules/express/lib/router/layer.js:123:27)
    at matchLayer (/home/apps/applications/gui-server/ysa-reseller/node_modules/express/lib/router/index.js:574:18)
    at next (/home/apps/applications/gui-server/ysa-reseller/node_modules/express/lib/router/index.js:220:15)
    at /home/apps/applications/gui-server/ysa-reseller/src/server.js:23:3
    at Layer.handle [as handle_request] (/home/apps/applications/gui-server/ysa-reseller/node_modules/express/lib/router/layer.js:95:5)
    at trim_prefix (/home/apps/applications/gui-server/ysa-reseller/node_modules/express/lib/router/index.js:317:13)
    at /home/apps/applications/gui-server/ysa-reseller/node_modules/express/lib/router/index.js:284:7
    at Function.process_params (/home/apps/applications/gui-server/ysa-reseller/node_modules/express/lib/router/index.js:335:12)
URIError: Failed to decode param '/login/css/%C0%AE%C0%AE/%C0%AE%C0%AE/%C0%AE%C0%AE/%C0%AE%C0%AE/%C0%AE%C0%AE/%C0%AE%C0%AE/%C0%AE%C0%AE/%C0%AE%C0%AE/%C0%AE%C0%AE/%C0%AE%C0%AE/%C0%AE%C0%AE/%C0%AE%C0%AE/etc/passwd'
    at decodeURIComponent (<anonymous>)
    at decode_param (/home/apps/applications/gui-server/ysa-reseller/node_modules/express/lib/router/layer.js:172:12)
    at Layer.match (/home/apps/applications/gui-server/ysa-reseller/node_modules/express/lib/router/layer.js:123:27)
    at matchLayer (/home/apps/applications/gui-server/ysa-reseller/node_modules/express/lib/router/index.js:574:18)
    at next (/home/apps/applications/gui-server/ysa-reseller/node_modules/express/lib/router/index.js:220:15)
    at /home/apps/applications/gui-server/ysa-reseller/src/server.js:23:3
    at Layer.handle [as handle_request] (/home/apps/applications/gui-server/ysa-reseller/node_modules/express/lib/router/layer.js:95:5)
    at trim_prefix (/home/apps/applications/gui-server/ysa-reseller/node_modules/express/lib/router/index.js:317:13)
    at /home/apps/applications/gui-server/ysa-reseller/node_modules/express/lib/router/index.js:284:7
    at Function.process_params (/home/apps/applications/gui-server/ysa-reseller/node_modules/express/lib/router/index.js:335:12)
URIError: Failed to decode param '/login/css/%E0%80%AE%E0%80%AE/%E0%80%AE%E0%80%AE/%E0%80%AE%E0%80%AE/%E0%80%AE%E0%80%AE/%E0%80%AE%E0%80%AE/%E0%80%AE%E0%80%AE/%E0%80%AE%E0%80%AE/%E0%80%AE%E0%80%AE/%E0%80%AE%E0%80%AE/%E0%80%AE%E0%80%AE/%E0%80%AE%E0%80%AE/%E0%80%AE%E0%80%AE/boot.ini'
    at decodeURIComponent (<anonymous>)
    at decode_param (/home/apps/applications/gui-server/ysa-reseller/node_modules/express/lib/router/layer.js:172:12)
    at Layer.match (/home/apps/applications/gui-server/ysa-reseller/node_modules/express/lib/router/layer.js:123:27)
    at matchLayer (/home/apps/applications/gui-server/ysa-reseller/node_modules/express/lib/router/index.js:574:18)
    at next (/home/apps/applications/gui-server/ysa-reseller/node_modules/express/lib/router/index.js:220:15)
    at /home/apps/applications/gui-server/ysa-reseller/src/server.js:23:3
    at Layer.handle [as handle_request] (/home/apps/applications/gui-server/ysa-reseller/node_modules/express/lib/router/layer.js:95:5)
    at trim_prefix (/home/apps/applications/gui-server/ysa-reseller/node_modules/express/lib/router/index.js:317:13)
    at /home/apps/applications/gui-server/ysa-reseller/node_modules/express/lib/router/index.js:284:7
    at Function.process_params (/home/apps/applications/gui-server/ysa-reseller/node_modules/express/lib/router/index.js:335:12)
URIError: Failed to decode param '/login/js/%C0%AE%C0%AE/%C0%AE%C0%AE/%C0%AE%C0%AE/%C0%AE%C0%AE/%C0%AE%C0%AE/%C0%AE%C0%AE/%C0%AE%C0%AE/%C0%AE%C0%AE/%C0%AE%C0%AE/%C0%AE%C0%AE/%C0%AE%C0%AE/%C0%AE%C0%AE/boot.ini'
    at decodeURIComponent (<anonymous>)
    at decode_param (/home/apps/applications/gui-server/ysa-reseller/node_modules/express/lib/router/layer.js:172:12)
    at Layer.match (/home/apps/applications/gui-server/ysa-reseller/node_modules/express/lib/router/layer.js:123:27)
    at matchLayer (/home/apps/applications/gui-server/ysa-reseller/node_modules/express/lib/router/index.js:574:18)
    at next (/home/apps/applications/gui-server/ysa-reseller/node_modules/express/lib/router/index.js:220:15)
    at /home/apps/applications/gui-server/ysa-reseller/src/server.js:23:3
    at Layer.handle [as handle_request] (/home/apps/applications/gui-server/ysa-reseller/node_modules/express/lib/router/layer.js:95:5)
    at trim_prefix (/home/apps/applications/gui-server/ysa-reseller/node_modules/express/lib/router/index.js:317:13)
    at /home/apps/applications/gui-server/ysa-reseller/node_modules/express/lib/router/index.js:284:7
    at Function.process_params (/home/apps/applications/gui-server/ysa-reseller/node_modules/express/lib/router/index.js:335:12)
URIError: Failed to decode param '/login/css/%E0%80%AE%E0%80%AE/%E0%80%AE%E0%80%AE/%E0%80%AE%E0%80%AE/%E0%80%AE%E0%80%AE/%E0%80%AE%E0%80%AE/%E0%80%AE%E0%80%AE/%E0%80%AE%E0%80%AE/%E0%80%AE%E0%80%AE/%E0%80%AE%E0%80%AE/%E0%80%AE%E0%80%AE/%E0%80%AE%E0%80%AE/%E0%80%AE%E0%80%AE/etc/passwd'
    at decodeURIComponent (<anonymous>)
    at decode_param (/home/apps/applications/gui-server/ysa-reseller/node_modules/express/lib/router/layer.js:172:12)
    at Layer.match (/home/apps/applications/gui-server/ysa-reseller/node_modules/express/lib/router/layer.js:123:27)
    at matchLayer (/home/apps/applications/gui-server/ysa-reseller/node_modules/express/lib/router/index.js:574:18)
    at next (/home/apps/applications/gui-server/ysa-reseller/node_modules/express/lib/router/index.js:220:15)
    at /home/apps/applications/gui-server/ysa-reseller/src/server.js:23:3
    at Layer.handle [as handle_request] (/home/apps/applications/gui-server/ysa-reseller/node_modules/express/lib/router/layer.js:95:5)
    at trim_prefix (/home/apps/applications/gui-server/ysa-reseller/node_modules/express/lib/router/index.js:317:13)
    at /home/apps/applications/gui-server/ysa-reseller/node_modules/express/lib/router/index.js:284:7
    at Function.process_params (/home/apps/applications/gui-server/ysa-reseller/node_modules/express/lib/router/index.js:335:12)
URIError: Failed to decode param '/login/js/%C0%AE%C0%AE/%C0%AE%C0%AE/%C0%AE%C0%AE/%C0%AE%C0%AE/%C0%AE%C0%AE/%C0%AE%C0%AE/%C0%AE%C0%AE/%C0%AE%C0%AE/%C0%AE%C0%AE/%C0%AE%C0%AE/%C0%AE%C0%AE/%C0%AE%C0%AE/etc/passwd'
    at decodeURIComponent (<anonymous>)
    at decode_param (/home/apps/applications/gui-server/ysa-reseller/node_modules/express/lib/router/layer.js:172:12)
    at Layer.match (/home/apps/applications/gui-server/ysa-reseller/node_modules/express/lib/router/layer.js:123:27)
    at matchLayer (/home/apps/applications/gui-server/ysa-reseller/node_modules/express/lib/router/index.js:574:18)
    at next (/home/apps/applications/gui-server/ysa-reseller/node_modules/express/lib/router/index.js:220:15)
    at /home/apps/applications/gui-server/ysa-reseller/src/server.js:23:3
    at Layer.handle [as handle_request] (/home/apps/applications/gui-server/ysa-reseller/node_modules/express/lib/router/layer.js:95:5)
    at trim_prefix (/home/apps/applications/gui-server/ysa-reseller/node_modules/express/lib/router/index.js:317:13)
    at /home/apps/applications/gui-server/ysa-reseller/node_modules/express/lib/router/index.js:284:7
    at Function.process_params (/home/apps/applications/gui-server/ysa-reseller/node_modules/express/lib/router/index.js:335:12)
URIError: Failed to decode param '/login/css/%F0%80%80%AE%F0%80%80%AE/%F0%80%80%AE%F0%80%80%AE/%F0%80%80%AE%F0%80%80%AE/%F0%80%80%AE%F0%80%80%AE/%F0%80%80%AE%F0%80%80%AE/%F0%80%80%AE%F0%80%80%AE/%F0%80%80%AE%F0%80%80%AE/%F0%80%80%AE%F0%80%80%AE/%F0%80%80%AE%F0%80%80%AE/%F0%80%80%AE%F0%80%80%AE/%F0%80%80%AE%F0%80%80%AE/%F0%80%80%AE%F0%80%80%AE/boot.ini'
    at decodeURIComponent (<anonymous>)
    at decode_param (/home/apps/applications/gui-server/ysa-reseller/node_modules/express/lib/router/layer.js:172:12)
    at Layer.match (/home/apps/applications/gui-server/ysa-reseller/node_modules/express/lib/router/layer.js:123:27)
    at matchLayer (/home/apps/applications/gui-server/ysa-reseller/node_modules/express/lib/router/index.js:574:18)
    at next (/home/apps/applications/gui-server/ysa-reseller/node_modules/express/lib/router/index.js:220:15)
    at /home/apps/applications/gui-server/ysa-reseller/src/server.js:23:3
    at Layer.handle [as handle_request] (/home/apps/applications/gui-server/ysa-reseller/node_modules/express/lib/router/layer.js:95:5)
    at trim_prefix (/home/apps/applications/gui-server/ysa-reseller/node_modules/express/lib/router/index.js:317:13)
    at /home/apps/applications/gui-server/ysa-reseller/node_modules/express/lib/router/index.js:284:7
    at Function.process_params (/home/apps/applications/gui-server/ysa-reseller/node_modules/express/lib/router/index.js:335:12)
URIError: Failed to decode param '/login/js/%E0%80%AE%E0%80%AE/%E0%80%AE%E0%80%AE/%E0%80%AE%E0%80%AE/%E0%80%AE%E0%80%AE/%E0%80%AE%E0%80%AE/%E0%80%AE%E0%80%AE/%E0%80%AE%E0%80%AE/%E0%80%AE%E0%80%AE/%E0%80%AE%E0%80%AE/%E0%80%AE%E0%80%AE/%E0%80%AE%E0%80%AE/%E0%80%AE%E0%80%AE/boot.ini'
    at decodeURIComponent (<anonymous>)
    at decode_param (/home/apps/applications/gui-server/ysa-reseller/node_modules/express/lib/router/layer.js:172:12)
    at Layer.match (/home/apps/applications/gui-server/ysa-reseller/node_modules/express/lib/router/layer.js:123:27)
    at matchLayer (/home/apps/applications/gui-server/ysa-reseller/node_modules/express/lib/router/index.js:574:18)
    at next (/home/apps/applications/gui-server/ysa-reseller/node_modules/express/lib/router/index.js:220:15)
    at /home/apps/applications/gui-server/ysa-reseller/src/server.js:23:3
    at Layer.handle [as handle_request] (/home/apps/applications/gui-server/ysa-reseller/node_modules/express/lib/router/layer.js:95:5)
    at trim_prefix (/home/apps/applications/gui-server/ysa-reseller/node_modules/express/lib/router/index.js:317:13)
    at /home/apps/applications/gui-server/ysa-reseller/node_modules/express/lib/router/index.js:284:7
    at Function.process_params (/home/apps/applications/gui-server/ysa-reseller/node_modules/express/lib/router/index.js:335:12)
URIError: Failed to decode param '/login/css/%F0%80%80%AE%F0%80%80%AE/%F0%80%80%AE%F0%80%80%AE/%F0%80%80%AE%F0%80%80%AE/%F0%80%80%AE%F0%80%80%AE/%F0%80%80%AE%F0%80%80%AE/%F0%80%80%AE%F0%80%80%AE/%F0%80%80%AE%F0%80%80%AE/%F0%80%80%AE%F0%80%80%AE/%F0%80%80%AE%F0%80%80%AE/%F0%80%80%AE%F0%80%80%AE/%F0%80%80%AE%F0%80%80%AE/%F0%80%80%AE%F0%80%80%AE/etc/passwd'
    at decodeURIComponent (<anonymous>)
    at decode_param (/home/apps/applications/gui-server/ysa-reseller/node_modules/express/lib/router/layer.js:172:12)
    at Layer.match (/home/apps/applications/gui-server/ysa-reseller/node_modules/express/lib/router/layer.js:123:27)
    at matchLayer (/home/apps/applications/gui-server/ysa-reseller/node_modules/express/lib/router/index.js:574:18)
    at next (/home/apps/applications/gui-server/ysa-reseller/node_modules/express/lib/router/index.js:220:15)
    at /home/apps/applications/gui-server/ysa-reseller/src/server.js:23:3
    at Layer.handle [as handle_request] (/home/apps/applications/gui-server/ysa-reseller/node_modules/express/lib/router/layer.js:95:5)
    at trim_prefix (/home/apps/applications/gui-server/ysa-reseller/node_modules/express/lib/router/index.js:317:13)
    at /home/apps/applications/gui-server/ysa-reseller/node_modules/express/lib/router/index.js:284:7
    at Function.process_params (/home/apps/applications/gui-server/ysa-reseller/node_modules/express/lib/router/index.js:335:12)
URIError: Failed to decode param '/login/js/%E0%80%AE%E0%80%AE/%E0%80%AE%E0%80%AE/%E0%80%AE%E0%80%AE/%E0%80%AE%E0%80%AE/%E0%80%AE%E0%80%AE/%E0%80%AE%E0%80%AE/%E0%80%AE%E0%80%AE/%E0%80%AE%E0%80%AE/%E0%80%AE%E0%80%AE/%E0%80%AE%E0%80%AE/%E0%80%AE%E0%80%AE/%E0%80%AE%E0%80%AE/etc/passwd'
    at decodeURIComponent (<anonymous>)
    at decode_param (/home/apps/applications/gui-server/ysa-reseller/node_modules/express/lib/router/layer.js:172:12)
    at Layer.match (/home/apps/applications/gui-server/ysa-reseller/node_modules/express/lib/router/layer.js:123:27)
    at matchLayer (/home/apps/applications/gui-server/ysa-reseller/node_modules/express/lib/router/index.js:574:18)
    at next (/home/apps/applications/gui-server/ysa-reseller/node_modules/express/lib/router/index.js:220:15)
    at /home/apps/applications/gui-server/ysa-reseller/src/server.js:23:3
    at Layer.handle [as handle_request] (/home/apps/applications/gui-server/ysa-reseller/node_modules/express/lib/router/layer.js:95:5)
    at trim_prefix (/home/apps/applications/gui-server/ysa-reseller/node_modules/express/lib/router/index.js:317:13)
    at /home/apps/applications/gui-server/ysa-reseller/node_modules/express/lib/router/index.js:284:7
    at Function.process_params (/home/apps/applications/gui-server/ysa-reseller/node_modules/express/lib/router/index.js:335:12)
URIError: Failed to decode param '/login/css/%F8%80%80%80%AE%F8%80%80%80%AE/%F8%80%80%80%AE%F8%80%80%80%AE/%F8%80%80%80%AE%F8%80%80%80%AE/%F8%80%80%80%AE%F8%80%80%80%AE/%F8%80%80%80%AE%F8%80%80%80%AE/%F8%80%80%80%AE%F8%80%80%80%AE/%F8%80%80%80%AE%F8%80%80%80%AE/%F8%80%80%80%AE%F8%80%80%80%AE/%F8%80%80%80%AE%F8%80%80%80%AE/%F8%80%80%80%AE%F8%80%80%80%AE/%F8%80%80%80%AE%F8%80%80%80%AE/%F8%80%80%80%AE%F8%80%80%80%AE/boot.ini'
    at decodeURIComponent (<anonymous>)
    at decode_param (/home/apps/applications/gui-server/ysa-reseller/node_modules/express/lib/router/layer.js:172:12)
    at Layer.match (/home/apps/applications/gui-server/ysa-reseller/node_modules/express/lib/router/layer.js:123:27)
    at matchLayer (/home/apps/applications/gui-server/ysa-reseller/node_modules/express/lib/router/index.js:574:18)
    at next (/home/apps/applications/gui-server/ysa-reseller/node_modules/express/lib/router/index.js:220:15)
    at /home/apps/applications/gui-server/ysa-reseller/src/server.js:23:3
    at Layer.handle [as handle_request] (/home/apps/applications/gui-server/ysa-reseller/node_modules/express/lib/router/layer.js:95:5)
    at trim_prefix (/home/apps/applications/gui-server/ysa-reseller/node_modules/express/lib/router/index.js:317:13)
    at /home/apps/applications/gui-server/ysa-reseller/node_modules/express/lib/router/index.js:284:7
    at Function.process_params (/home/apps/applications/gui-server/ysa-reseller/node_modules/express/lib/router/index.js:335:12)
URIError: Failed to decode param '/login/js/%F0%80%80%AE%F0%80%80%AE/%F0%80%80%AE%F0%80%80%AE/%F0%80%80%AE%F0%80%80%AE/%F0%80%80%AE%F0%80%80%AE/%F0%80%80%AE%F0%80%80%AE/%F0%80%80%AE%F0%80%80%AE/%F0%80%80%AE%F0%80%80%AE/%F0%80%80%AE%F0%80%80%AE/%F0%80%80%AE%F0%80%80%AE/%F0%80%80%AE%F0%80%80%AE/%F0%80%80%AE%F0%80%80%AE/%F0%80%80%AE%F0%80%80%AE/boot.ini'
    at decodeURIComponent (<anonymous>)
    at decode_param (/home/apps/applications/gui-server/ysa-reseller/node_modules/express/lib/router/layer.js:172:12)
    at Layer.match (/home/apps/applications/gui-server/ysa-reseller/node_modules/express/lib/router/layer.js:123:27)
    at matchLayer (/home/apps/applications/gui-server/ysa-reseller/node_modules/express/lib/router/index.js:574:18)
    at next (/home/apps/applications/gui-server/ysa-reseller/node_modules/express/lib/router/index.js:220:15)
    at /home/apps/applications/gui-server/ysa-reseller/src/server.js:23:3
    at Layer.handle [as handle_request] (/home/apps/applications/gui-server/ysa-reseller/node_modules/express/lib/router/layer.js:95:5)
    at trim_prefix (/home/apps/applications/gui-server/ysa-reseller/node_modules/express/lib/router/index.js:317:13)
    at /home/apps/applications/gui-server/ysa-reseller/node_modules/express/lib/router/index.js:284:7
    at Function.process_params (/home/apps/applications/gui-server/ysa-reseller/node_modules/express/lib/router/index.js:335:12)
URIError: Failed to decode param '/login/css/%F8%80%80%80%AE%F8%80%80%80%AE/%F8%80%80%80%AE%F8%80%80%80%AE/%F8%80%80%80%AE%F8%80%80%80%AE/%F8%80%80%80%AE%F8%80%80%80%AE/%F8%80%80%80%AE%F8%80%80%80%AE/%F8%80%80%80%AE%F8%80%80%80%AE/%F8%80%80%80%AE%F8%80%80%80%AE/%F8%80%80%80%AE%F8%80%80%80%AE/%F8%80%80%80%AE%F8%80%80%80%AE/%F8%80%80%80%AE%F8%80%80%80%AE/%F8%80%80%80%AE%F8%80%80%80%AE/%F8%80%80%80%AE%F8%80%80%80%AE/etc/passwd'
    at decodeURIComponent (<anonymous>)
    at decode_param (/home/apps/applications/gui-server/ysa-reseller/node_modules/express/lib/router/layer.js:172:12)
    at Layer.match (/home/apps/applications/gui-server/ysa-reseller/node_modules/express/lib/router/layer.js:123:27)
    at matchLayer (/home/apps/applications/gui-server/ysa-reseller/node_modules/express/lib/router/index.js:574:18)
    at next (/home/apps/applications/gui-server/ysa-reseller/node_modules/express/lib/router/index.js:220:15)
    at /home/apps/applications/gui-server/ysa-reseller/src/server.js:23:3
    at Layer.handle [as handle_request] (/home/apps/applications/gui-server/ysa-reseller/node_modules/express/lib/router/layer.js:95:5)
    at trim_prefix (/home/apps/applications/gui-server/ysa-reseller/node_modules/express/lib/router/index.js:317:13)
    at /home/apps/applications/gui-server/ysa-reseller/node_modules/express/lib/router/index.js:284:7
    at Function.process_params (/home/apps/applications/gui-server/ysa-reseller/node_modules/express/lib/router/index.js:335:12)
URIError: Failed to decode param '/login/js/%F0%80%80%AE%F0%80%80%AE/%F0%80%80%AE%F0%80%80%AE/%F0%80%80%AE%F0%80%80%AE/%F0%80%80%AE%F0%80%80%AE/%F0%80%80%AE%F0%80%80%AE/%F0%80%80%AE%F0%80%80%AE/%F0%80%80%AE%F0%80%80%AE/%F0%80%80%AE%F0%80%80%AE/%F0%80%80%AE%F0%80%80%AE/%F0%80%80%AE%F0%80%80%AE/%F0%80%80%AE%F0%80%80%AE/%F0%80%80%AE%F0%80%80%AE/etc/passwd'
    at decodeURIComponent (<anonymous>)
    at decode_param (/home/apps/applications/gui-server/ysa-reseller/node_modules/express/lib/router/layer.js:172:12)
    at Layer.match (/home/apps/applications/gui-server/ysa-reseller/node_modules/express/lib/router/layer.js:123:27)
    at matchLayer (/home/apps/applications/gui-server/ysa-reseller/node_modules/express/lib/router/index.js:574:18)
    at next (/home/apps/applications/gui-server/ysa-reseller/node_modules/express/lib/router/index.js:220:15)
    at /home/apps/applications/gui-server/ysa-reseller/src/server.js:23:3
    at Layer.handle [as handle_request] (/home/apps/applications/gui-server/ysa-reseller/node_modules/express/lib/router/layer.js:95:5)
    at trim_prefix (/home/apps/applications/gui-server/ysa-reseller/node_modules/express/lib/router/index.js:317:13)
    at /home/apps/applications/gui-server/ysa-reseller/node_modules/express/lib/router/index.js:284:7
    at Function.process_params (/home/apps/applications/gui-server/ysa-reseller/node_modules/express/lib/router/index.js:335:12)
URIError: Failed to decode param '/login/js/%F8%80%80%80%AE%F8%80%80%80%AE/%F8%80%80%80%AE%F8%80%80%80%AE/%F8%80%80%80%AE%F8%80%80%80%AE/%F8%80%80%80%AE%F8%80%80%80%AE/%F8%80%80%80%AE%F8%80%80%80%AE/%F8%80%80%80%AE%F8%80%80%80%AE/%F8%80%80%80%AE%F8%80%80%80%AE/%F8%80%80%80%AE%F8%80%80%80%AE/%F8%80%80%80%AE%F8%80%80%80%AE/%F8%80%80%80%AE%F8%80%80%80%AE/%F8%80%80%80%AE%F8%80%80%80%AE/%F8%80%80%80%AE%F8%80%80%80%AE/boot.ini'
    at decodeURIComponent (<anonymous>)
    at decode_param (/home/apps/applications/gui-server/ysa-reseller/node_modules/express/lib/router/layer.js:172:12)
    at Layer.match (/home/apps/applications/gui-server/ysa-reseller/node_modules/express/lib/router/layer.js:123:27)
    at matchLayer (/home/apps/applications/gui-server/ysa-reseller/node_modules/express/lib/router/index.js:574:18)
    at next (/home/apps/applications/gui-server/ysa-reseller/node_modules/express/lib/router/index.js:220:15)
    at /home/apps/applications/gui-server/ysa-reseller/src/server.js:23:3
    at Layer.handle [as handle_request] (/home/apps/applications/gui-server/ysa-reseller/node_modules/express/lib/router/layer.js:95:5)
    at trim_prefix (/home/apps/applications/gui-server/ysa-reseller/node_modules/express/lib/router/index.js:317:13)
    at /home/apps/applications/gui-server/ysa-reseller/node_modules/express/lib/router/index.js:284:7
    at Function.process_params (/home/apps/applications/gui-server/ysa-reseller/node_modules/express/lib/router/index.js:335:12)
URIError: Failed to decode param '/login/js/%F8%80%80%80%AE%F8%80%80%80%AE/%F8%80%80%80%AE%F8%80%80%80%AE/%F8%80%80%80%AE%F8%80%80%80%AE/%F8%80%80%80%AE%F8%80%80%80%AE/%F8%80%80%80%AE%F8%80%80%80%AE/%F8%80%80%80%AE%F8%80%80%80%AE/%F8%80%80%80%AE%F8%80%80%80%AE/%F8%80%80%80%AE%F8%80%80%80%AE/%F8%80%80%80%AE%F8%80%80%80%AE/%F8%80%80%80%AE%F8%80%80%80%AE/%F8%80%80%80%AE%F8%80%80%80%AE/%F8%80%80%80%AE%F8%80%80%80%AE/etc/passwd'
    at decodeURIComponent (<anonymous>)
    at decode_param (/home/apps/applications/gui-server/ysa-reseller/node_modules/express/lib/router/layer.js:172:12)
    at Layer.match (/home/apps/applications/gui-server/ysa-reseller/node_modules/express/lib/router/layer.js:123:27)
    at matchLayer (/home/apps/applications/gui-server/ysa-reseller/node_modules/express/lib/router/index.js:574:18)
    at next (/home/apps/applications/gui-server/ysa-reseller/node_modules/express/lib/router/index.js:220:15)
    at /home/apps/applications/gui-server/ysa-reseller/src/server.js:23:3
    at Layer.handle [as handle_request] (/home/apps/applications/gui-server/ysa-reseller/node_modules/express/lib/router/layer.js:95:5)
    at trim_prefix (/home/apps/applications/gui-server/ysa-reseller/node_modules/express/lib/router/index.js:317:13)
    at /home/apps/applications/gui-server/ysa-reseller/node_modules/express/lib/router/index.js:284:7
    at Function.process_params (/home/apps/applications/gui-server/ysa-reseller/node_modules/express/lib/router/index.js:335:12)

> node-boilerplate@1.0.0 start /home/apps/applications/gui-server/ysa-reseller
> NODE_ENV=production node ./src/server.js

Genesis listening at http://:::8099

> node-boilerplate@1.0.0 start /home/apps/applications/gui-server/ysa-reseller
> NODE_ENV=production node ./src/server.js

events.js:174
      throw er; // Unhandled 'error' event
      ^

Error: listen EADDRINUSE: address already in use :::8099
    at Server.setupListenHandle [as _listen2] (net.js:1280:14)
    at listenInCluster (net.js:1328:12)
    at Server.listen (net.js:1415:7)
    at Function.listen (/home/apps/applications/gui-server/ysa-reseller/node_modules/express/lib/application.js:618:24)
    at Object.<anonymous> (/home/apps/applications/gui-server/ysa-reseller/src/server.js:152:18)
    at Module._compile (internal/modules/cjs/loader.js:778:30)
    at Object.Module._extensions..js (internal/modules/cjs/loader.js:789:10)
    at Module.load (internal/modules/cjs/loader.js:653:32)
    at tryModuleLoad (internal/modules/cjs/loader.js:593:12)
    at Function.Module._load (internal/modules/cjs/loader.js:585:3)
Emitted 'error' event at:
    at emitErrorNT (net.js:1307:8)
    at process._tickCallback (internal/process/next_tick.js:63:19)
    at Function.Module.runMain (internal/modules/cjs/loader.js:834:11)
    at startup (internal/bootstrap/node.js:283:19)
    at bootstrapNodeJSCore (internal/bootstrap/node.js:623:3)
npm ERR! code ELIFECYCLE
npm ERR! errno 1
npm ERR! node-boilerplate@1.0.0 start: `NODE_ENV=production node ./src/server.js`
npm ERR! Exit status 1
npm ERR! 
npm ERR! Failed at the node-boilerplate@1.0.0 start script.
npm ERR! This is probably not a problem with npm. There is likely additional logging output above.

npm ERR! A complete log of this run can be found in:
npm ERR!     /home/apps/.npm/_logs/2021-05-22T12_57_44_157Z-debug.log

> node-boilerplate@1.0.0 start /home/apps/applications/gui-server/ysa-reseller
> NODE_ENV=production node ./src/server.js

Genesis listening at http://:::8099

> node-boilerplate@1.0.0 start /home/apps/applications/gui-server/ysa-reseller
> NODE_ENV=production node ./src/server.js

Genesis listening at http://:::8099
URIError: Failed to decode param '/%FF'
    at decodeURIComponent (<anonymous>)
    at decode_param (/home/apps/applications/gui-server/ysa-reseller/node_modules/express/lib/router/layer.js:172:12)
    at Layer.match (/home/apps/applications/gui-server/ysa-reseller/node_modules/express/lib/router/layer.js:123:27)
    at matchLayer (/home/apps/applications/gui-server/ysa-reseller/node_modules/express/lib/router/index.js:574:18)
    at next (/home/apps/applications/gui-server/ysa-reseller/node_modules/express/lib/router/index.js:220:15)
    at /home/apps/applications/gui-server/ysa-reseller/src/server.js:23:3
    at Layer.handle [as handle_request] (/home/apps/applications/gui-server/ysa-reseller/node_modules/express/lib/router/layer.js:95:5)
    at trim_prefix (/home/apps/applications/gui-server/ysa-reseller/node_modules/express/lib/router/index.js:317:13)
    at /home/apps/applications/gui-server/ysa-reseller/node_modules/express/lib/router/index.js:284:7
    at Function.process_params (/home/apps/applications/gui-server/ysa-reseller/node_modules/express/lib/router/index.js:335:12)

> node-boilerplate@1.0.0 start /home/apps/applications/gui-server/ysa-reseller
> NODE_ENV=production node ./src/server.js

Genesis listening at http://:::8099

> node-boilerplate@1.0.0 start /home/apps/applications/gui-server/ysa-reseller
> NODE_ENV=production node ./src/server.js

Genesis listening at http://:::8099

> node-boilerplate@1.0.0 start /home/apps/applications/gui-server/ysa-reseller
> NODE_ENV=production node ./src/server.js

Genesis listening at http://:::8099

> node-boilerplate@1.0.0 start /home/apps/applications/gui-server/ysa-reseller
> NODE_ENV=production node ./src/server.js

Genesis listening at http://:::8099

> node-boilerplate@1.0.0 start /home/apps/applications/gui-server/ysa-reseller
> NODE_ENV=production node ./src/server.js

Genesis listening at http://:::8099

> node-boilerplate@1.0.0 start /home/apps/applications/gui-server/ysa-reseller
> NODE_ENV=production node ./src/server.js

Genesis listening at http://:::8099

> node-boilerplate@1.0.0 start /home/apps/applications/gui-server/ysa-reseller
> NODE_ENV=production node ./src/server.js

Genesis listening at http://:::8099

> node-boilerplate@1.0.0 start /home/apps/applications/gui-server/ysa-reseller
> NODE_ENV=production node ./src/server.js

Genesis listening at http://:::8099

> node-boilerplate@1.0.0 start /home/apps/applications/gui-server/ysa-reseller
> NODE_ENV=production node ./src/server.js

Genesis listening at http://:::8099

> node-boilerplate@1.0.0 start /home/apps/applications/gui-server/ysa-reseller
> NODE_ENV=production node ./src/server.js

Genesis listening at http://:::8099

> node-boilerplate@1.0.0 start /home/apps/applications/gui-server/ysa-reseller
> NODE_ENV=production node ./src/server.js

Genesis listening at http://:::8099

> node-boilerplate@1.0.0 start /home/apps/applications/gui-server/ysa-reseller
> NODE_ENV=production node ./src/server.js

Genesis listening at http://:::8099

> node-boilerplate@1.0.0 start /home/apps/applications/gui-server/ysa-reseller
> NODE_ENV=production node ./src/server.js

Genesis listening at http://:::8099

> node-boilerplate@1.0.0 start /home/apps/applications/gui-server/ysa-reseller
> NODE_ENV=production node ./src/server.js

Genesis listening at http://:::8099

> node-boilerplate@1.0.0 start /home/apps/applications/gui-server/ysa-reseller
> NODE_ENV=production node ./src/server.js

Genesis listening at http://:::8099

> node-boilerplate@1.0.0 start /home/apps/applications/gui-server/ysa-reseller
> NODE_ENV=production node ./src/server.js

Genesis listening at http://:::8099

> node-boilerplate@1.0.0 start /home/apps/applications/gui-server/ysa-reseller
> NODE_ENV=production node ./src/server.js

Genesis listening at http://:::8099

> node-boilerplate@1.0.0 start /home/apps/applications/gui-server/ysa-reseller
> NODE_ENV=production node ./src/server.js

Genesis listening at http://:::8099

> node-boilerplate@1.0.0 start /home/apps/applications/gui-server/ysa-reseller
> NODE_ENV=production node ./src/server.js

Genesis listening at http://:::8099

> node-boilerplate@1.0.0 start /home/apps/applications/gui-server/ysa-reseller
> NODE_ENV=production node ./src/server.js

Genesis listening at http://:::8099

> node-boilerplate@1.0.0 start /home/apps/applications/gui-server/ysa-reseller
> NODE_ENV=production node ./src/server.js

events.js:174
      throw er; // Unhandled 'error' event
      ^

Error: listen EADDRINUSE: address already in use :::8099
    at Server.setupListenHandle [as _listen2] (net.js:1280:14)
    at listenInCluster (net.js:1328:12)
    at Server.listen (net.js:1415:7)
    at Function.listen (/home/apps/applications/gui-server/ysa-reseller/node_modules/express/lib/application.js:618:24)
    at Object.<anonymous> (/home/apps/applications/gui-server/ysa-reseller/src/server.js:152:18)
    at Module._compile (internal/modules/cjs/loader.js:778:30)
    at Object.Module._extensions..js (internal/modules/cjs/loader.js:789:10)
    at Module.load (internal/modules/cjs/loader.js:653:32)
    at tryModuleLoad (internal/modules/cjs/loader.js:593:12)
    at Function.Module._load (internal/modules/cjs/loader.js:585:3)
Emitted 'error' event at:
    at emitErrorNT (net.js:1307:8)
    at process._tickCallback (internal/process/next_tick.js:63:19)
    at Function.Module.runMain (internal/modules/cjs/loader.js:834:11)
    at startup (internal/bootstrap/node.js:283:19)
    at bootstrapNodeJSCore (internal/bootstrap/node.js:623:3)
npm ERR! code ELIFECYCLE
npm ERR! errno 1
npm ERR! node-boilerplate@1.0.0 start: `NODE_ENV=production node ./src/server.js`
npm ERR! Exit status 1
npm ERR! 
npm ERR! Failed at the node-boilerplate@1.0.0 start script.
npm ERR! This is probably not a problem with npm. There is likely additional logging output above.

npm ERR! A complete log of this run can be found in:
npm ERR!     /home/apps/.npm/_logs/2021-08-18T09_31_50_494Z-debug.log

> node-boilerplate@1.0.0 start /home/apps/applications/gui-server/ysa-reseller
> NODE_ENV=production node ./src/server.js

Genesis listening at http://:::8099

> node-boilerplate@1.0.0 start /home/apps/applications/gui-server/ysa-reseller
> NODE_ENV=production node ./src/server.js

events.js:174
      throw er; // Unhandled 'error' event
      ^

Error: listen EADDRINUSE: address already in use :::8099
    at Server.setupListenHandle [as _listen2] (net.js:1280:14)
    at listenInCluster (net.js:1328:12)
    at Server.listen (net.js:1415:7)
    at Function.listen (/home/apps/applications/gui-server/ysa-reseller/node_modules/express/lib/application.js:618:24)
    at Object.<anonymous> (/home/apps/applications/gui-server/ysa-reseller/src/server.js:152:18)
    at Module._compile (internal/modules/cjs/loader.js:778:30)
    at Object.Module._extensions..js (internal/modules/cjs/loader.js:789:10)
    at Module.load (internal/modules/cjs/loader.js:653:32)
    at tryModuleLoad (internal/modules/cjs/loader.js:593:12)
    at Function.Module._load (internal/modules/cjs/loader.js:585:3)
Emitted 'error' event at:
    at emitErrorNT (net.js:1307:8)
    at process._tickCallback (internal/process/next_tick.js:63:19)
    at Function.Module.runMain (internal/modules/cjs/loader.js:834:11)
    at startup (internal/bootstrap/node.js:283:19)
    at bootstrapNodeJSCore (internal/bootstrap/node.js:623:3)
npm ERR! code ELIFECYCLE
npm ERR! errno 1
npm ERR! node-boilerplate@1.0.0 start: `NODE_ENV=production node ./src/server.js`
npm ERR! Exit status 1
npm ERR! 
npm ERR! Failed at the node-boilerplate@1.0.0 start script.
npm ERR! This is probably not a problem with npm. There is likely additional logging output above.

npm ERR! A complete log of this run can be found in:
npm ERR!     /home/apps/.npm/_logs/2021-08-18T12_35_20_973Z-debug.log

> node-boilerplate@1.0.0 start /home/apps/applications/gui-server/ysa-reseller
> NODE_ENV=production node ./src/server.js

Genesis listening at http://:::8099

> node-boilerplate@1.0.0 start /home/apps/applications/gui-server/ysa-reseller
> NODE_ENV=production node ./src/server.js

Genesis listening at http://:::8099

> node-boilerplate@1.0.0 start /home/apps/applications/gui-server/ysa-reseller
> NODE_ENV=production node ./src/server.js

Genesis listening at http://:::8099

> node-boilerplate@1.0.0 start /home/apps/applications/gui-server/ysa-reseller
> NODE_ENV=production node ./src/server.js

events.js:174
      throw er; // Unhandled 'error' event
      ^

Error: listen EADDRINUSE: address already in use :::8099
    at Server.setupListenHandle [as _listen2] (net.js:1280:14)
    at listenInCluster (net.js:1328:12)
    at Server.listen (net.js:1415:7)
    at Function.listen (/home/apps/applications/gui-server/ysa-reseller/node_modules/express/lib/application.js:618:24)
    at Object.<anonymous> (/home/apps/applications/gui-server/ysa-reseller/src/server.js:152:18)
    at Module._compile (internal/modules/cjs/loader.js:778:30)
    at Object.Module._extensions..js (internal/modules/cjs/loader.js:789:10)
    at Module.load (internal/modules/cjs/loader.js:653:32)
    at tryModuleLoad (internal/modules/cjs/loader.js:593:12)
    at Function.Module._load (internal/modules/cjs/loader.js:585:3)
Emitted 'error' event at:
    at emitErrorNT (net.js:1307:8)
    at process._tickCallback (internal/process/next_tick.js:63:19)
    at Function.Module.runMain (internal/modules/cjs/loader.js:834:11)
    at startup (internal/bootstrap/node.js:283:19)
    at bootstrapNodeJSCore (internal/bootstrap/node.js:623:3)
npm ERR! code ELIFECYCLE
npm ERR! errno 1
npm ERR! node-boilerplate@1.0.0 start: `NODE_ENV=production node ./src/server.js`
npm ERR! Exit status 1
npm ERR! 
npm ERR! Failed at the node-boilerplate@1.0.0 start script.
npm ERR! This is probably not a problem with npm. There is likely additional logging output above.

npm ERR! A complete log of this run can be found in:
npm ERR!     /home/apps/.npm/_logs/2021-08-28T07_29_42_232Z-debug.log

> node-boilerplate@1.0.0 start /home/apps/applications/gui-server/ysa-reseller
> NODE_ENV=production node ./src/server.js

Genesis listening at http://:::8099

> node-boilerplate@1.0.0 start /home/apps/applications/gui-server/ysa-reseller
> NODE_ENV=production node ./src/server.js

Genesis listening at http://:::8099

> node-boilerplate@1.0.0 start /home/apps/applications/gui-server/ysa-reseller
> NODE_ENV=production node ./src/server.js

Genesis listening at http://:::8099

> node-boilerplate@1.0.0 start /home/apps/applications/gui-server/ysa-reseller
> NODE_ENV=production node ./src/server.js

Genesis listening at http://:::8099

> node-boilerplate@1.0.0 start /home/apps/applications/gui-server/ysa-reseller
> NODE_ENV=production node ./src/server.js

Genesis listening at http://:::8099

> node-boilerplate@1.0.0 start /home/apps/applications/gui-server/ysa-reseller
> NODE_ENV=production node ./src/server.js

events.js:174
      throw er; // Unhandled 'error' event
      ^

Error: listen EADDRINUSE: address already in use :::8099
    at Server.setupListenHandle [as _listen2] (net.js:1280:14)
    at listenInCluster (net.js:1328:12)
    at Server.listen (net.js:1415:7)
    at Function.listen (/home/apps/applications/gui-server/ysa-reseller/node_modules/express/lib/application.js:618:24)
    at Object.<anonymous> (/home/apps/applications/gui-server/ysa-reseller/src/server.js:152:18)
    at Module._compile (internal/modules/cjs/loader.js:778:30)
    at Object.Module._extensions..js (internal/modules/cjs/loader.js:789:10)
    at Module.load (internal/modules/cjs/loader.js:653:32)
    at tryModuleLoad (internal/modules/cjs/loader.js:593:12)
    at Function.Module._load (internal/modules/cjs/loader.js:585:3)
Emitted 'error' event at:
    at emitErrorNT (net.js:1307:8)
    at process._tickCallback (internal/process/next_tick.js:63:19)
    at Function.Module.runMain (internal/modules/cjs/loader.js:834:11)
    at startup (internal/bootstrap/node.js:283:19)
    at bootstrapNodeJSCore (internal/bootstrap/node.js:623:3)
npm ERR! code ELIFECYCLE
npm ERR! errno 1
npm ERR! node-boilerplate@1.0.0 start: `NODE_ENV=production node ./src/server.js`
npm ERR! Exit status 1
npm ERR! 
npm ERR! Failed at the node-boilerplate@1.0.0 start script.
npm ERR! This is probably not a problem with npm. There is likely additional logging output above.

npm ERR! A complete log of this run can be found in:
npm ERR!     /home/apps/.npm/_logs/2021-09-21T10_50_36_834Z-debug.log

> node-boilerplate@1.0.0 start /home/apps/applications/gui-server/ysa-reseller
> NODE_ENV=production node ./src/server.js

events.js:174
      throw er; // Unhandled 'error' event
      ^

Error: listen EADDRINUSE: address already in use :::8099
    at Server.setupListenHandle [as _listen2] (net.js:1280:14)
    at listenInCluster (net.js:1328:12)
    at Server.listen (net.js:1415:7)
    at Function.listen (/home/apps/applications/gui-server/ysa-reseller/node_modules/express/lib/application.js:618:24)
    at Object.<anonymous> (/home/apps/applications/gui-server/ysa-reseller/src/server.js:152:18)
    at Module._compile (internal/modules/cjs/loader.js:778:30)
    at Object.Module._extensions..js (internal/modules/cjs/loader.js:789:10)
    at Module.load (internal/modules/cjs/loader.js:653:32)
    at tryModuleLoad (internal/modules/cjs/loader.js:593:12)
    at Function.Module._load (internal/modules/cjs/loader.js:585:3)
Emitted 'error' event at:
    at emitErrorNT (net.js:1307:8)
    at process._tickCallback (internal/process/next_tick.js:63:19)
    at Function.Module.runMain (internal/modules/cjs/loader.js:834:11)
    at startup (internal/bootstrap/node.js:283:19)
    at bootstrapNodeJSCore (internal/bootstrap/node.js:623:3)
npm ERR! code ELIFECYCLE
npm ERR! errno 1
npm ERR! node-boilerplate@1.0.0 start: `NODE_ENV=production node ./src/server.js`
npm ERR! Exit status 1
npm ERR! 
npm ERR! Failed at the node-boilerplate@1.0.0 start script.
npm ERR! This is probably not a problem with npm. There is likely additional logging output above.

npm ERR! A complete log of this run can be found in:
npm ERR!     /home/apps/.npm/_logs/2021-09-21T10_50_58_780Z-debug.log

> node-boilerplate@1.0.0 start /home/apps/applications/gui-server/ysa-reseller
> NODE_ENV=production node ./src/server.js

Genesis listening at http://:::8099

> node-boilerplate@1.0.0 start /home/apps/applications/gui-server/ysa-reseller
> NODE_ENV=production node ./src/server.js

Genesis listening at http://:::8099

> node-boilerplate@1.0.0 start /home/apps/applications/gui-server/ysa-reseller
> NODE_ENV=production node ./src/server.js

Genesis listening at http://:::8099

> node-boilerplate@1.0.0 start /home/apps/applications/gui-server/ysa-reseller
> NODE_ENV=production node ./src/server.js

Genesis listening at http://:::8099

> node-boilerplate@1.0.0 start /home/apps/applications/gui-server/ysa-reseller
> NODE_ENV=production node ./src/server.js

Genesis listening at http://:::8099

> node-boilerplate@1.0.0 start /home/apps/applications/gui-server/ysa-reseller
> NODE_ENV=production node ./src/server.js

Genesis listening at http://:::8099

> node-boilerplate@1.0.0 start /home/apps/applications/gui-server/ysa-reseller
> NODE_ENV=production node ./src/server.js

Genesis listening at http://:::8099

> node-boilerplate@1.0.0 start /home/apps/applications/gui-server/ysa-reseller
> NODE_ENV=production node ./src/server.js

Genesis listening at http://:::8099

> node-boilerplate@1.0.0 start /home/apps/applications/gui-server/ysa-reseller
> NODE_ENV=production node ./src/server.js

Genesis listening at http://:::8099

> node-boilerplate@1.0.0 start /home/apps/applications/gui-server/ysa-reseller
> NODE_ENV=production node ./src/server.js

Genesis listening at http://:::8099

> node-boilerplate@1.0.0 start /home/apps/applications/gui-server/ysa-reseller
> NODE_ENV=production node ./src/server.js

events.js:174
      throw er; // Unhandled 'error' event
      ^

Error: listen EADDRINUSE: address already in use :::8099
    at Server.setupListenHandle [as _listen2] (net.js:1280:14)
    at listenInCluster (net.js:1328:12)
    at Server.listen (net.js:1415:7)
    at Function.listen (/home/apps/applications/gui-server/ysa-reseller/node_modules/express/lib/application.js:618:24)
    at Object.<anonymous> (/home/apps/applications/gui-server/ysa-reseller/src/server.js:152:18)
    at Module._compile (internal/modules/cjs/loader.js:778:30)
    at Object.Module._extensions..js (internal/modules/cjs/loader.js:789:10)
    at Module.load (internal/modules/cjs/loader.js:653:32)
    at tryModuleLoad (internal/modules/cjs/loader.js:593:12)
    at Function.Module._load (internal/modules/cjs/loader.js:585:3)
Emitted 'error' event at:
    at emitErrorNT (net.js:1307:8)
    at process._tickCallback (internal/process/next_tick.js:63:19)
    at Function.Module.runMain (internal/modules/cjs/loader.js:834:11)
    at startup (internal/bootstrap/node.js:283:19)
    at bootstrapNodeJSCore (internal/bootstrap/node.js:623:3)
npm ERR! code ELIFECYCLE
npm ERR! errno 1
npm ERR! node-boilerplate@1.0.0 start: `NODE_ENV=production node ./src/server.js`
npm ERR! Exit status 1
npm ERR! 
npm ERR! Failed at the node-boilerplate@1.0.0 start script.
npm ERR! This is probably not a problem with npm. There is likely additional logging output above.

npm ERR! A complete log of this run can be found in:
npm ERR!     /home/apps/.npm/_logs/2021-11-09T05_33_11_965Z-debug.log

> node-boilerplate@1.0.0 start /home/apps/applications/gui-server/ysa-reseller
> NODE_ENV=production node ./src/server.js

Genesis listening at http://:::8099

> node-boilerplate@1.0.0 start /home/apps/applications/gui-server/ysa-reseller
> NODE_ENV=production node ./src/server.js

Genesis listening at http://:::8099

> node-boilerplate@1.0.0 start /home/apps/applications/gui-server/ysa-reseller
> NODE_ENV=production node ./src/server.js

Genesis listening at http://:::8099

> node-boilerplate@1.0.0 start /home/apps/applications/gui-server/ysa-reseller
> NODE_ENV=production node ./src/server.js

Genesis listening at http://:::8099

> node-boilerplate@1.0.0 start /home/apps/applications/gui-server/ysa-reseller
> NODE_ENV=production node ./src/server.js

Genesis listening at http://:::8099

> node-boilerplate@1.0.0 start /home/apps/applications/gui-server/ysa-reseller
> NODE_ENV=production node ./src/server.js

Genesis listening at http://:::8099

> node-boilerplate@1.0.0 start /home/apps/applications/gui-server/ysa-reseller
> NODE_ENV=production node ./src/server.js

Genesis listening at http://:::8099

> node-boilerplate@1.0.0 start /home/apps/applications/gui-server/ysa-reseller
> NODE_ENV=production node ./src/server.js

Genesis listening at http://:::8099

> node-boilerplate@1.0.0 start /home/apps/applications/gui-server/ysa-reseller
> NODE_ENV=production node ./src/server.js

Genesis listening at http://:::8099

> node-boilerplate@1.0.0 start /home/apps/applications/gui-server/ysa-reseller
> NODE_ENV=production node ./src/server.js

Genesis listening at http://:::8099

> node-boilerplate@1.0.0 start /home/apps/applications/gui-server/ysa-reseller
> NODE_ENV=production node ./src/server.js

Genesis listening at http://:::8099

> node-boilerplate@1.0.0 start /home/apps/applications/gui-server/ysa-reseller
> NODE_ENV=production node ./src/server.js

Genesis listening at http://:::8099

> node-boilerplate@1.0.0 start /home/apps/applications/gui-server/ysa-reseller
> NODE_ENV=production node ./src/server.js

Genesis listening at http://:::8099

> node-boilerplate@1.0.0 start /home/apps/applications/gui-server/ysa-reseller
> NODE_ENV=production node ./src/server.js

Genesis listening at http://:::8099

> node-boilerplate@1.0.0 start /home/apps/applications/gui-server/ysa-reseller
> NODE_ENV=production node ./src/server.js

Genesis listening at http://:::8099

> node-boilerplate@1.0.0 start /home/apps/applications/gui-server/ysa-reseller
> NODE_ENV=production node ./src/server.js

Genesis listening at http://:::8099

> node-boilerplate@1.0.0 start /home/apps/applications/gui-server/ysa-reseller
> NODE_ENV=production node ./src/server.js

Genesis listening at http://:::8099

> node-boilerplate@1.0.0 start /home/apps/applications/gui-server/ysa-reseller
> NODE_ENV=production node ./src/server.js

Genesis listening at http://:::8099

> node-boilerplate@1.0.0 start /home/apps/applications/gui-server/ysa-reseller
> NODE_ENV=production node ./src/server.js

Genesis listening at http://:::8099

> node-boilerplate@1.0.0 start /home/apps/applications/gui-server/ysa-reseller
> NODE_ENV=production node ./src/server.js

Genesis listening at http://:::8099

> node-boilerplate@1.0.0 start /home/apps/applications/gui-server/ysa-reseller
> NODE_ENV=production node ./src/server.js

Genesis listening at http://:::8099

> node-boilerplate@1.0.0 start /home/apps/applications/gui-server/ysa-reseller
> NODE_ENV=production node ./src/server.js

Genesis listening at http://:::8099

> node-boilerplate@1.0.0 start /home/apps/applications/gui-server/ysa-reseller
> NODE_ENV=production node ./src/server.js

Genesis listening at http://:::8099

> node-boilerplate@1.0.0 start /home/apps/applications/gui-server/ysa-reseller
> NODE_ENV=production node ./src/server.js

Genesis listening at http://:::8099

> node-boilerplate@1.0.0 start /home/apps/applications/gui-server/ysa-reseller
> NODE_ENV=production node ./src/server.js

events.js:174
      throw er; // Unhandled 'error' event
      ^

Error: listen EADDRINUSE: address already in use :::8099
    at Server.setupListenHandle [as _listen2] (net.js:1280:14)
    at listenInCluster (net.js:1328:12)
    at Server.listen (net.js:1415:7)
    at Function.listen (/home/apps/applications/gui-server/ysa-reseller/node_modules/express/lib/application.js:618:24)
    at Object.<anonymous> (/home/apps/applications/gui-server/ysa-reseller/src/server.js:156:18)
    at Module._compile (internal/modules/cjs/loader.js:778:30)
    at Object.Module._extensions..js (internal/modules/cjs/loader.js:789:10)
    at Module.load (internal/modules/cjs/loader.js:653:32)
    at tryModuleLoad (internal/modules/cjs/loader.js:593:12)
    at Function.Module._load (internal/modules/cjs/loader.js:585:3)
Emitted 'error' event at:
    at emitErrorNT (net.js:1307:8)
    at process._tickCallback (internal/process/next_tick.js:63:19)
    at Function.Module.runMain (internal/modules/cjs/loader.js:834:11)
    at startup (internal/bootstrap/node.js:283:19)
    at bootstrapNodeJSCore (internal/bootstrap/node.js:623:3)
npm ERR! code ELIFECYCLE
npm ERR! errno 1
npm ERR! node-boilerplate@1.0.0 start: `NODE_ENV=production node ./src/server.js`
npm ERR! Exit status 1
npm ERR! 
npm ERR! Failed at the node-boilerplate@1.0.0 start script.
npm ERR! This is probably not a problem with npm. There is likely additional logging output above.

npm ERR! A complete log of this run can be found in:
npm ERR!     /home/apps/.npm/_logs/2022-03-21T06_35_22_413Z-debug.log

> node-boilerplate@1.0.0 start /home/apps/applications/gui-server/ysa-reseller
> NODE_ENV=production node ./src/server.js

Genesis listening at http://:::8099

> node-boilerplate@1.0.0 start /home/apps/applications/gui-server/ysa-reseller
> NODE_ENV=production node ./src/server.js

Genesis listening at http://:::8099

> node-boilerplate@1.0.0 start /home/apps/applications/gui-server/ysa-reseller
> NODE_ENV=production node ./src/server.js

Genesis listening at http://:::8099

> node-boilerplate@1.0.0 start /home/apps/applications/gui-server/ysa-reseller
> NODE_ENV=production node ./src/server.js

Genesis listening at http://:::8099

> node-boilerplate@1.0.0 start /home/apps/applications/gui-server/ysa-reseller
> NODE_ENV=production node ./src/server.js

Genesis listening at http://:::8099

> node-boilerplate@1.0.0 start /home/apps/applications/gui-server/ysa-reseller
> NODE_ENV=production node ./src/server.js

Genesis listening at http://:::8099

> node-boilerplate@1.0.0 start /home/apps/applications/gui-server/ysa-reseller
> NODE_ENV=production node ./src/server.js

Genesis listening at http://:::8099

> node-boilerplate@1.0.0 start /home/apps/applications/gui-server/ysa-reseller
> NODE_ENV=production node ./src/server.js

Genesis listening at http://:::8099

> node-boilerplate@1.0.0 start /home/apps/applications/gui-server/ysa-reseller
> NODE_ENV=production node ./src/server.js

Genesis listening at http://:::8099

> node-boilerplate@1.0.0 start /hana/data/applications/ysa-reseller
> NODE_ENV=production node ./src/server.js

Genesis listening at http://:::8099

> node-boilerplate@1.0.0 start /hana/data/applications/ysa-reseller
> NODE_ENV=production node ./src/server.js

Genesis listening at http://:::8099

> node-boilerplate@1.0.0 start /hana/data/applications/ysa-reseller
> NODE_ENV=production node ./src/server.js

Genesis listening at http://:::8099

> node-boilerplate@1.0.0 start /hana/data/applications/ysa-reseller
> NODE_ENV=production node ./src/server.js

Genesis listening at http://:::8099

> node-boilerplate@1.0.0 start /hana/data/applications/ysa-reseller
> NODE_ENV=production node ./src/server.js

Genesis listening at http://:::8099

> node-boilerplate@1.0.0 start /hana/data/applications/ysa-reseller
> NODE_ENV=production node ./src/server.js

Genesis listening at http://:::8099

> node-boilerplate@1.0.0 start /hana/data/applications/ysa-reseller
> NODE_ENV=production node ./src/server.js

Genesis listening at http://:::8099

> node-boilerplate@1.0.0 start /hana/data/applications/ysa-reseller
> NODE_ENV=production node ./src/server.js

Genesis listening at http://:::8099

> node-boilerplate@1.0.0 start /hana/data/applications/ysa-admin
> NODE_ENV=production node ./src/server.js

Genesis listening at http://:::8099

> node-boilerplate@1.0.0 start /hana/data/applications/ysa-admin
> NODE_ENV=production node ./src/server.js

Genesis listening at http://:::8099

> node-boilerplate@1.0.0 start /hana/data/applications/ysa-admin
> NODE_ENV=production node ./src/server.js

Genesis listening at http://:::8099

> node-boilerplate@1.0.0 start /hana/data/applications/ysa-admin
> NODE_ENV=production node ./src/server.js

Genesis listening at http://:::8099

> node-boilerplate@1.0.0 start /hana/data/applications/ysa-admin
> NODE_ENV=production node ./src/server.js

Genesis listening at http://:::8099

> node-boilerplate@1.0.0 start /hana/data/applications/ysa-admin
> NODE_ENV=production node ./src/server.js

Genesis listening at http://:::8099

> node-boilerplate@1.0.0 start /hana/data/applications/ysa-admin
> NODE_ENV=production node ./src/server.js

Genesis listening at http://:::8099

> node-boilerplate@1.0.0 start /hana/data/applications/ysa-admin
> NODE_ENV=production node ./src/server.js

Genesis listening at http://:::8099

> node-boilerplate@1.0.0 start /hana/data/applications/ysa-admin
> NODE_ENV=production node ./src/server.js

Genesis listening at http://:::8099

> node-boilerplate@1.0.0 start /hana/data/applications/ysa-admin
> NODE_ENV=production node ./src/server.js

Genesis listening at http://:::8099

> node-boilerplate@1.0.0 start /hana/data/applications/ysa-admin
> NODE_ENV=production node ./src/server.js

Genesis listening at http://:::8099

> node-boilerplate@1.0.0 start /hana/data/applications/ysa-admin
> NODE_ENV=production node ./src/server.js

Genesis listening at http://:::8099

> node-boilerplate@1.0.0 start /hana/data/applications/ysa-admin
> NODE_ENV=production node ./src/server.js

Genesis listening at http://:::8099

> node-boilerplate@1.0.0 start /hana/data/applications/ysa-admin
> NODE_ENV=production node ./src/server.js

Genesis listening at http://:::8099

> node-boilerplate@1.0.0 start /hana/data/applications/ysa-admin
> NODE_ENV=production node ./src/server.js

Genesis listening at http://:::8099

> node-boilerplate@1.0.0 start /hana/data/applications/ysa-admin
> NODE_ENV=production node ./src/server.js

Genesis listening at http://:::8099
URIError: Failed to decode param '/%NETHOOD%/'
    at decodeURIComponent (<anonymous>)
    at decode_param (/hana/data/applications/ysa-admin/node_modules/express/lib/router/layer.js:172:12)
    at Layer.match (/hana/data/applications/ysa-admin/node_modules/express/lib/router/layer.js:123:27)
    at matchLayer (/hana/data/applications/ysa-admin/node_modules/express/lib/router/index.js:574:18)
    at next (/hana/data/applications/ysa-admin/node_modules/express/lib/router/index.js:220:15)
    at /hana/data/applications/ysa-admin/src/server.js:23:3
    at Layer.handle [as handle_request] (/hana/data/applications/ysa-admin/node_modules/express/lib/router/layer.js:95:5)
    at trim_prefix (/hana/data/applications/ysa-admin/node_modules/express/lib/router/index.js:317:13)
    at /hana/data/applications/ysa-admin/node_modules/express/lib/router/index.js:284:7
    at Function.process_params (/hana/data/applications/ysa-admin/node_modules/express/lib/router/index.js:335:12)
URIError: Failed to decode param '/%NETHOOD%/'
    at decodeURIComponent (<anonymous>)
    at decode_param (/hana/data/applications/ysa-admin/node_modules/express/lib/router/layer.js:172:12)
    at Layer.match (/hana/data/applications/ysa-admin/node_modules/express/lib/router/layer.js:123:27)
    at matchLayer (/hana/data/applications/ysa-admin/node_modules/express/lib/router/index.js:574:18)
    at next (/hana/data/applications/ysa-admin/node_modules/express/lib/router/index.js:220:15)
    at /hana/data/applications/ysa-admin/src/server.js:23:3
    at Layer.handle [as handle_request] (/hana/data/applications/ysa-admin/node_modules/express/lib/router/layer.js:95:5)
    at trim_prefix (/hana/data/applications/ysa-admin/node_modules/express/lib/router/index.js:317:13)
    at /hana/data/applications/ysa-admin/node_modules/express/lib/router/index.js:284:7
    at Function.process_params (/hana/data/applications/ysa-admin/node_modules/express/lib/router/index.js:335:12)

> node-boilerplate@1.0.0 start /hana/data/applications/ysa-admin
> NODE_ENV=production node ./src/server.js

Genesis listening at http://:::8099

> node-boilerplate@1.0.0 start /hana/data/applications/ysa-admin
> NODE_ENV=production node ./src/server.js

Genesis listening at http://:::8099

> node-boilerplate@1.0.0 start /hana/data/applications/ysa-admin
> NODE_ENV=production node ./src/server.js

Genesis listening at http://:::8099

> node-boilerplate@1.0.0 start /hana/data/applications/ysa-admin
> NODE_ENV=production node ./src/server.js

Genesis listening at http://:::8099

> node-boilerplate@1.0.0 start /hana/data/applications/ysa-admin
> NODE_ENV=production node ./src/server.js

Genesis listening at http://:::8099

> node-boilerplate@1.0.0 start /hana/data/applications/ysa-admin
> NODE_ENV=production node ./src/server.js

Genesis listening at http://:::8099

> node-boilerplate@1.0.0 start /hana/data/applications/ysa-admin
> NODE_ENV=production node ./src/server.js

events.js:174
      throw er; // Unhandled 'error' event
      ^

Error: listen EADDRINUSE: address already in use :::8099
    at Server.setupListenHandle [as _listen2] (net.js:1280:14)
    at listenInCluster (net.js:1328:12)
    at Server.listen (net.js:1415:7)
    at Function.listen (/hana/data/applications/ysa-admin/node_modules/express/lib/application.js:618:24)
    at Object.<anonymous> (/hana/data/applications/ysa-admin/src/server.js:160:18)
    at Module._compile (internal/modules/cjs/loader.js:778:30)
    at Object.Module._extensions..js (internal/modules/cjs/loader.js:789:10)
    at Module.load (internal/modules/cjs/loader.js:653:32)
    at tryModuleLoad (internal/modules/cjs/loader.js:593:12)
    at Function.Module._load (internal/modules/cjs/loader.js:585:3)
Emitted 'error' event at:
    at emitErrorNT (net.js:1307:8)
    at process._tickCallback (internal/process/next_tick.js:63:19)
    at Function.Module.runMain (internal/modules/cjs/loader.js:834:11)
    at startup (internal/bootstrap/node.js:283:19)
    at bootstrapNodeJSCore (internal/bootstrap/node.js:623:3)
npm ERR! code ELIFECYCLE
npm ERR! errno 1
npm ERR! node-boilerplate@1.0.0 start: `NODE_ENV=production node ./src/server.js`
npm ERR! Exit status 1
npm ERR! 
npm ERR! Failed at the node-boilerplate@1.0.0 start script.
npm ERR! This is probably not a problem with npm. There is likely additional logging output above.

npm ERR! A complete log of this run can be found in:
npm ERR!     /home/apps/.npm/_logs/2023-02-14T18_47_32_347Z-debug.log

> node-boilerplate@1.0.0 start /hana/data/applications/ysa-admin
> NODE_ENV=production node ./src/server.js

Genesis listening at http://:::8099

> node-boilerplate@1.0.0 start /hana/data/applications/ysa-admin
> NODE_ENV=production node ./src/server.js

Genesis listening at http://:::8099

> node-boilerplate@1.0.0 start /hana/data/applications/ysa-admin
> NODE_ENV=production node ./src/server.js

Genesis listening at http://:::8099

> node-boilerplate@1.0.0 start /hana/data/applications/ysa-admin
> NODE_ENV=production node ./src/server.js

Genesis listening at http://:::8099

> node-boilerplate@1.0.0 start /hana/data/applications/ysa-admin
> NODE_ENV=production node ./src/server.js

Genesis listening at http://:::8099

> node-boilerplate@1.0.0 start /hana/data/applications/ysa-admin
> NODE_ENV=production node ./src/server.js

Genesis listening at http://:::8099

> node-boilerplate@1.0.0 start /hana/data/applications/ysa-admin
> NODE_ENV=production node ./src/server.js

Genesis listening at http://:::8099

> node-boilerplate@1.0.0 start /hana/data/applications/ysa-admin
> NODE_ENV=production node ./src/server.js

Genesis listening at http://:::8099

> node-boilerplate@1.0.0 start /hana/data/applications/ysa-admin
> NODE_ENV=production node ./src/server.js

internal/modules/cjs/loader.js:934
  throw err;
  ^

Error: Cannot find module './../routes/testRoute'
Require stack:
- /hana/data/applications/ysa-admin/src/server.js
    at Function.Module._resolveFilename (internal/modules/cjs/loader.js:931:15)
    at Function.Module._load (internal/modules/cjs/loader.js:774:27)
    at Module.require (internal/modules/cjs/loader.js:1003:19)
    at require (internal/modules/cjs/helpers.js:107:18)
    at Object.<anonymous> (/hana/data/applications/ysa-admin/src/server.js:11:19)
    at Module._compile (internal/modules/cjs/loader.js:1114:14)
    at Object.Module._extensions..js (internal/modules/cjs/loader.js:1143:10)
    at Module.load (internal/modules/cjs/loader.js:979:32)
    at Function.Module._load (internal/modules/cjs/loader.js:819:12)
    at Function.executeUserEntryPoint [as runMain] (internal/modules/run_main.js:75:12) {
  code: 'MODULE_NOT_FOUND',
  requireStack: [ '/hana/data/applications/ysa-admin/src/server.js' ]
}
npm ERR! code ELIFECYCLE
npm ERR! errno 1
npm ERR! node-boilerplate@1.0.0 start: `NODE_ENV=production node ./src/server.js`
npm ERR! Exit status 1
npm ERR! 
npm ERR! Failed at the node-boilerplate@1.0.0 start script.
npm ERR! This is probably not a problem with npm. There is likely additional logging output above.

npm ERR! A complete log of this run can be found in:
npm ERR!     /home/apps/.npm/_logs/2023-10-21T17_01_45_270Z-debug.log

> node-boilerplate@1.0.0 start /hana/data/applications/ysa-admin
> NODE_ENV=production node ./src/server.js

Genesis listening at http://:::8099
Redis is ready
Successfully connected to the database.
From DB 1
From DB 1
Error: Can't add new command when connection is in closed state
    at Connection._addCommandClosedState (/hana/data/applications/ysa-admin/node_modules/mysql2/lib/connection.js:164:17)
    at Connection.query (/hana/data/applications/ysa-admin/node_modules/mysql2/lib/connection.js:572:17)
    at /hana/data/applications/ysa-admin/routes/billingType.js:18:28
    at runMicrotasks (<anonymous>)
    at processTicksAndRejections (internal/process/task_queues.js:95:5) {
  fatal: true
}
Error: Can't add new command when connection is in closed state
    at Connection._addCommandClosedState (/hana/data/applications/ysa-admin/node_modules/mysql2/lib/connection.js:164:17)
    at Connection.query (/hana/data/applications/ysa-admin/node_modules/mysql2/lib/connection.js:572:17)
    at /hana/data/applications/ysa-admin/routes/billingType.js:18:28
    at runMicrotasks (<anonymous>)
    at processTicksAndRejections (internal/process/task_queues.js:95:5) {
  fatal: true
}
Error: Can't add new command when connection is in closed state
    at Connection._addCommandClosedState (/hana/data/applications/ysa-admin/node_modules/mysql2/lib/connection.js:164:17)
    at Connection.query (/hana/data/applications/ysa-admin/node_modules/mysql2/lib/connection.js:572:17)
    at /hana/data/applications/ysa-admin/routes/billingType.js:18:28
    at runMicrotasks (<anonymous>)
    at processTicksAndRejections (internal/process/task_queues.js:95:5) {
  fatal: true
}
Error: Can't add new command when connection is in closed state
    at Connection._addCommandClosedState (/hana/data/applications/ysa-admin/node_modules/mysql2/lib/connection.js:164:17)
    at Connection.query (/hana/data/applications/ysa-admin/node_modules/mysql2/lib/connection.js:572:17)
    at /hana/data/applications/ysa-admin/routes/billingType.js:18:28
    at runMicrotasks (<anonymous>)
    at processTicksAndRejections (internal/process/task_queues.js:95:5) {
  fatal: true
}
Error: Can't add new command when connection is in closed state
    at Connection._addCommandClosedState (/hana/data/applications/ysa-admin/node_modules/mysql2/lib/connection.js:164:17)
    at Connection.query (/hana/data/applications/ysa-admin/node_modules/mysql2/lib/connection.js:572:17)
    at /hana/data/applications/ysa-admin/routes/billingType.js:18:28
    at runMicrotasks (<anonymous>)
    at processTicksAndRejections (internal/process/task_queues.js:95:5) {
  fatal: true
}
Error: Can't add new command when connection is in closed state
    at Connection._addCommandClosedState (/hana/data/applications/ysa-admin/node_modules/mysql2/lib/connection.js:164:17)
    at Connection.query (/hana/data/applications/ysa-admin/node_modules/mysql2/lib/connection.js:572:17)
    at /hana/data/applications/ysa-admin/routes/billingType.js:18:28
    at runMicrotasks (<anonymous>)
    at processTicksAndRejections (internal/process/task_queues.js:95:5) {
  fatal: true
}
Error: Can't add new command when connection is in closed state
    at Connection._addCommandClosedState (/hana/data/applications/ysa-admin/node_modules/mysql2/lib/connection.js:164:17)
    at Connection.query (/hana/data/applications/ysa-admin/node_modules/mysql2/lib/connection.js:572:17)
    at /hana/data/applications/ysa-admin/routes/billingType.js:18:28
    at runMicrotasks (<anonymous>)
    at processTicksAndRejections (internal/process/task_queues.js:95:5) {
  fatal: true
}
Error: Can't add new command when connection is in closed state
    at Connection._addCommandClosedState (/hana/data/applications/ysa-admin/node_modules/mysql2/lib/connection.js:164:17)
    at Connection.query (/hana/data/applications/ysa-admin/node_modules/mysql2/lib/connection.js:572:17)
    at /hana/data/applications/ysa-admin/routes/billingType.js:18:28
    at runMicrotasks (<anonymous>)
    at processTicksAndRejections (internal/process/task_queues.js:95:5) {
  fatal: true
}
Error: Can't add new command when connection is in closed state
    at Connection._addCommandClosedState (/hana/data/applications/ysa-admin/node_modules/mysql2/lib/connection.js:164:17)
    at Connection.query (/hana/data/applications/ysa-admin/node_modules/mysql2/lib/connection.js:572:17)
    at /hana/data/applications/ysa-admin/routes/billingType.js:18:28
    at runMicrotasks (<anonymous>)
    at processTicksAndRejections (internal/process/task_queues.js:95:5) {
  fatal: true
}
Error: Can't add new command when connection is in closed state
    at Connection._addCommandClosedState (/hana/data/applications/ysa-admin/node_modules/mysql2/lib/connection.js:164:17)
    at Connection.query (/hana/data/applications/ysa-admin/node_modules/mysql2/lib/connection.js:572:17)
    at /hana/data/applications/ysa-admin/routes/billingType.js:18:28
    at runMicrotasks (<anonymous>)
    at processTicksAndRejections (internal/process/task_queues.js:95:5) {
  fatal: true
}
Error: Can't add new command when connection is in closed state
    at Connection._addCommandClosedState (/hana/data/applications/ysa-admin/node_modules/mysql2/lib/connection.js:164:17)
    at Connection.query (/hana/data/applications/ysa-admin/node_modules/mysql2/lib/connection.js:572:17)
    at /hana/data/applications/ysa-admin/routes/billingType.js:18:28
    at runMicrotasks (<anonymous>)
    at processTicksAndRejections (internal/process/task_queues.js:95:5) {
  fatal: true
}
Error: Can't add new command when connection is in closed state
    at Connection._addCommandClosedState (/hana/data/applications/ysa-admin/node_modules/mysql2/lib/connection.js:164:17)
    at Connection.query (/hana/data/applications/ysa-admin/node_modules/mysql2/lib/connection.js:572:17)
    at /hana/data/applications/ysa-admin/routes/billingType.js:18:28
    at runMicrotasks (<anonymous>)
    at processTicksAndRejections (internal/process/task_queues.js:95:5) {
  fatal: true
}
Error: Can't add new command when connection is in closed state
    at Connection._addCommandClosedState (/hana/data/applications/ysa-admin/node_modules/mysql2/lib/connection.js:164:17)
    at Connection.query (/hana/data/applications/ysa-admin/node_modules/mysql2/lib/connection.js:572:17)
    at /hana/data/applications/ysa-admin/routes/billingType.js:18:28
    at runMicrotasks (<anonymous>)
    at processTicksAndRejections (internal/process/task_queues.js:95:5) {
  fatal: true
}
Error: Can't add new command when connection is in closed state
    at Connection._addCommandClosedState (/hana/data/applications/ysa-admin/node_modules/mysql2/lib/connection.js:164:17)
    at Connection.query (/hana/data/applications/ysa-admin/node_modules/mysql2/lib/connection.js:572:17)
    at /hana/data/applications/ysa-admin/routes/billingType.js:18:28
    at runMicrotasks (<anonymous>)
    at processTicksAndRejections (internal/process/task_queues.js:95:5) {
  fatal: true
}
Error: Can't add new command when connection is in closed state
    at Connection._addCommandClosedState (/hana/data/applications/ysa-admin/node_modules/mysql2/lib/connection.js:164:17)
    at Connection.query (/hana/data/applications/ysa-admin/node_modules/mysql2/lib/connection.js:572:17)
    at /hana/data/applications/ysa-admin/routes/billingType.js:18:28
    at runMicrotasks (<anonymous>)
    at processTicksAndRejections (internal/process/task_queues.js:95:5) {
  fatal: true
}
Error: Can't add new command when connection is in closed state
    at Connection._addCommandClosedState (/hana/data/applications/ysa-admin/node_modules/mysql2/lib/connection.js:164:17)
    at Connection.query (/hana/data/applications/ysa-admin/node_modules/mysql2/lib/connection.js:572:17)
    at /hana/data/applications/ysa-admin/routes/billingType.js:18:28
    at runMicrotasks (<anonymous>)
    at processTicksAndRejections (internal/process/task_queues.js:95:5) {
  fatal: true
}
Error: Can't add new command when connection is in closed state
    at Connection._addCommandClosedState (/hana/data/applications/ysa-admin/node_modules/mysql2/lib/connection.js:164:17)
    at Connection.query (/hana/data/applications/ysa-admin/node_modules/mysql2/lib/connection.js:572:17)
    at /hana/data/applications/ysa-admin/routes/billingType.js:18:28
    at runMicrotasks (<anonymous>)
    at processTicksAndRejections (internal/process/task_queues.js:95:5) {
  fatal: true
}
Error: Can't add new command when connection is in closed state
    at Connection._addCommandClosedState (/hana/data/applications/ysa-admin/node_modules/mysql2/lib/connection.js:164:17)
    at Connection.query (/hana/data/applications/ysa-admin/node_modules/mysql2/lib/connection.js:572:17)
    at /hana/data/applications/ysa-admin/routes/billingType.js:18:28
    at runMicrotasks (<anonymous>)
    at processTicksAndRejections (internal/process/task_queues.js:95:5) {
  fatal: true
}
Error: Can't add new command when connection is in closed state
    at Connection._addCommandClosedState (/hana/data/applications/ysa-admin/node_modules/mysql2/lib/connection.js:164:17)
    at Connection.query (/hana/data/applications/ysa-admin/node_modules/mysql2/lib/connection.js:572:17)
    at /hana/data/applications/ysa-admin/routes/billingType.js:18:28
    at runMicrotasks (<anonymous>)
    at processTicksAndRejections (internal/process/task_queues.js:95:5) {
  fatal: true
}
Error: Can't add new command when connection is in closed state
    at Connection._addCommandClosedState (/hana/data/applications/ysa-admin/node_modules/mysql2/lib/connection.js:164:17)
    at Connection.query (/hana/data/applications/ysa-admin/node_modules/mysql2/lib/connection.js:572:17)
    at /hana/data/applications/ysa-admin/routes/billingType.js:18:28
    at runMicrotasks (<anonymous>)
    at processTicksAndRejections (internal/process/task_queues.js:95:5) {
  fatal: true
}
Error: Can't add new command when connection is in closed state
    at Connection._addCommandClosedState (/hana/data/applications/ysa-admin/node_modules/mysql2/lib/connection.js:164:17)
    at Connection.query (/hana/data/applications/ysa-admin/node_modules/mysql2/lib/connection.js:572:17)
    at /hana/data/applications/ysa-admin/routes/billingType.js:18:28
    at runMicrotasks (<anonymous>)
    at processTicksAndRejections (internal/process/task_queues.js:95:5) {
  fatal: true
}
Error: Can't add new command when connection is in closed state
    at Connection._addCommandClosedState (/hana/data/applications/ysa-admin/node_modules/mysql2/lib/connection.js:164:17)
    at Connection.query (/hana/data/applications/ysa-admin/node_modules/mysql2/lib/connection.js:572:17)
    at /hana/data/applications/ysa-admin/routes/billingType.js:18:28
    at runMicrotasks (<anonymous>)
    at processTicksAndRejections (internal/process/task_queues.js:95:5) {
  fatal: true
}
Error: Can't add new command when connection is in closed state
    at Connection._addCommandClosedState (/hana/data/applications/ysa-admin/node_modules/mysql2/lib/connection.js:164:17)
    at Connection.query (/hana/data/applications/ysa-admin/node_modules/mysql2/lib/connection.js:572:17)
    at /hana/data/applications/ysa-admin/routes/billingType.js:18:28
    at runMicrotasks (<anonymous>)
    at processTicksAndRejections (internal/process/task_queues.js:95:5) {
  fatal: true
}
Error: Can't add new command when connection is in closed state
    at Connection._addCommandClosedState (/hana/data/applications/ysa-admin/node_modules/mysql2/lib/connection.js:164:17)
    at Connection.query (/hana/data/applications/ysa-admin/node_modules/mysql2/lib/connection.js:572:17)
    at /hana/data/applications/ysa-admin/routes/billingType.js:18:28
    at runMicrotasks (<anonymous>)
    at processTicksAndRejections (internal/process/task_queues.js:95:5) {
  fatal: true
}
Error: Can't add new command when connection is in closed state
    at Connection._addCommandClosedState (/hana/data/applications/ysa-admin/node_modules/mysql2/lib/connection.js:164:17)
    at Connection.query (/hana/data/applications/ysa-admin/node_modules/mysql2/lib/connection.js:572:17)
    at /hana/data/applications/ysa-admin/routes/billingType.js:18:28
    at runMicrotasks (<anonymous>)
    at processTicksAndRejections (internal/process/task_queues.js:95:5) {
  fatal: true
}
Error: Can't add new command when connection is in closed state
    at Connection._addCommandClosedState (/hana/data/applications/ysa-admin/node_modules/mysql2/lib/connection.js:164:17)
    at Connection.query (/hana/data/applications/ysa-admin/node_modules/mysql2/lib/connection.js:572:17)
    at /hana/data/applications/ysa-admin/routes/billingType.js:18:28
    at runMicrotasks (<anonymous>)
    at processTicksAndRejections (internal/process/task_queues.js:95:5) {
  fatal: true
}

> node-boilerplate@1.0.0 start /hana/data/applications/ysa-admin
> NODE_ENV=production node ./src/server.js

Genesis listening at http://:::8099
Redis is ready
Successfully connected to the database.
Error: Can't add new command when connection is in closed state
    at Connection._addCommandClosedState (/hana/data/applications/ysa-admin/node_modules/mysql2/lib/connection.js:164:17)
    at Connection.query (/hana/data/applications/ysa-admin/node_modules/mysql2/lib/connection.js:572:17)
    at /hana/data/applications/ysa-admin/routes/billingType.js:18:28
    at runMicrotasks (<anonymous>)
    at processTicksAndRejections (internal/process/task_queues.js:95:5) {
  fatal: true
}
Error: Can't add new command when connection is in closed state
    at Connection._addCommandClosedState (/hana/data/applications/ysa-admin/node_modules/mysql2/lib/connection.js:164:17)
    at Connection.query (/hana/data/applications/ysa-admin/node_modules/mysql2/lib/connection.js:572:17)
    at /hana/data/applications/ysa-admin/routes/billingType.js:18:28
    at runMicrotasks (<anonymous>)
    at processTicksAndRejections (internal/process/task_queues.js:95:5) {
  fatal: true
}
Error: Can't add new command when connection is in closed state
    at Connection._addCommandClosedState (/hana/data/applications/ysa-admin/node_modules/mysql2/lib/connection.js:164:17)
    at Connection.query (/hana/data/applications/ysa-admin/node_modules/mysql2/lib/connection.js:572:17)
    at /hana/data/applications/ysa-admin/routes/billingType.js:18:28
    at runMicrotasks (<anonymous>)
    at processTicksAndRejections (internal/process/task_queues.js:95:5) {
  fatal: true
}
Error: Can't add new command when connection is in closed state
    at Connection._addCommandClosedState (/hana/data/applications/ysa-admin/node_modules/mysql2/lib/connection.js:164:17)
    at Connection.query (/hana/data/applications/ysa-admin/node_modules/mysql2/lib/connection.js:572:17)
    at /hana/data/applications/ysa-admin/routes/billingType.js:18:28
    at runMicrotasks (<anonymous>)
    at processTicksAndRejections (internal/process/task_queues.js:95:5) {
  fatal: true
}
Error: Can't add new command when connection is in closed state
    at Connection._addCommandClosedState (/hana/data/applications/ysa-admin/node_modules/mysql2/lib/connection.js:164:17)
    at Connection.query (/hana/data/applications/ysa-admin/node_modules/mysql2/lib/connection.js:572:17)
    at /hana/data/applications/ysa-admin/routes/billingType.js:18:28
    at runMicrotasks (<anonymous>)
    at processTicksAndRejections (internal/process/task_queues.js:95:5) {
  fatal: true
}
Error: Can't add new command when connection is in closed state
    at Connection._addCommandClosedState (/hana/data/applications/ysa-admin/node_modules/mysql2/lib/connection.js:164:17)
    at Connection.query (/hana/data/applications/ysa-admin/node_modules/mysql2/lib/connection.js:572:17)
    at /hana/data/applications/ysa-admin/routes/billingType.js:18:28
    at runMicrotasks (<anonymous>)
    at processTicksAndRejections (internal/process/task_queues.js:95:5) {
  fatal: true
}
Error: Can't add new command when connection is in closed state
    at Connection._addCommandClosedState (/hana/data/applications/ysa-admin/node_modules/mysql2/lib/connection.js:164:17)
    at Connection.query (/hana/data/applications/ysa-admin/node_modules/mysql2/lib/connection.js:572:17)
    at /hana/data/applications/ysa-admin/routes/billingType.js:18:28
    at runMicrotasks (<anonymous>)
    at processTicksAndRejections (internal/process/task_queues.js:95:5) {
  fatal: true
}
Error: Can't add new command when connection is in closed state
    at Connection._addCommandClosedState (/hana/data/applications/ysa-admin/node_modules/mysql2/lib/connection.js:164:17)
    at Connection.query (/hana/data/applications/ysa-admin/node_modules/mysql2/lib/connection.js:572:17)
    at /hana/data/applications/ysa-admin/routes/billingType.js:18:28
    at runMicrotasks (<anonymous>)
    at processTicksAndRejections (internal/process/task_queues.js:95:5) {
  fatal: true
}
Error: Can't add new command when connection is in closed state
    at Connection._addCommandClosedState (/hana/data/applications/ysa-admin/node_modules/mysql2/lib/connection.js:164:17)
    at Connection.query (/hana/data/applications/ysa-admin/node_modules/mysql2/lib/connection.js:572:17)
    at /hana/data/applications/ysa-admin/routes/billingType.js:18:28
    at runMicrotasks (<anonymous>)
    at processTicksAndRejections (internal/process/task_queues.js:95:5) {
  fatal: true
}
Error: Can't add new command when connection is in closed state
    at Connection._addCommandClosedState (/hana/data/applications/ysa-admin/node_modules/mysql2/lib/connection.js:164:17)
    at Connection.query (/hana/data/applications/ysa-admin/node_modules/mysql2/lib/connection.js:572:17)
    at /hana/data/applications/ysa-admin/routes/billingType.js:18:28
    at runMicrotasks (<anonymous>)
    at processTicksAndRejections (internal/process/task_queues.js:95:5) {
  fatal: true
}
Error: Can't add new command when connection is in closed state
    at Connection._addCommandClosedState (/hana/data/applications/ysa-admin/node_modules/mysql2/lib/connection.js:164:17)
    at Connection.query (/hana/data/applications/ysa-admin/node_modules/mysql2/lib/connection.js:572:17)
    at /hana/data/applications/ysa-admin/routes/billingType.js:18:28
    at runMicrotasks (<anonymous>)
    at processTicksAndRejections (internal/process/task_queues.js:95:5) {
  fatal: true
}
Error: Can't add new command when connection is in closed state
    at Connection._addCommandClosedState (/hana/data/applications/ysa-admin/node_modules/mysql2/lib/connection.js:164:17)
    at Connection.query (/hana/data/applications/ysa-admin/node_modules/mysql2/lib/connection.js:572:17)
    at /hana/data/applications/ysa-admin/routes/billingType.js:18:28
    at runMicrotasks (<anonymous>)
    at processTicksAndRejections (internal/process/task_queues.js:95:5) {
  fatal: true
}
Error: Can't add new command when connection is in closed state
    at Connection._addCommandClosedState (/hana/data/applications/ysa-admin/node_modules/mysql2/lib/connection.js:164:17)
    at Connection.query (/hana/data/applications/ysa-admin/node_modules/mysql2/lib/connection.js:572:17)
    at /hana/data/applications/ysa-admin/routes/billingType.js:18:28
    at runMicrotasks (<anonymous>)
    at processTicksAndRejections (internal/process/task_queues.js:95:5) {
  fatal: true
}
Error: Can't add new command when connection is in closed state
    at Connection._addCommandClosedState (/hana/data/applications/ysa-admin/node_modules/mysql2/lib/connection.js:164:17)
    at Connection.query (/hana/data/applications/ysa-admin/node_modules/mysql2/lib/connection.js:572:17)
    at /hana/data/applications/ysa-admin/routes/billingType.js:18:28
    at runMicrotasks (<anonymous>)
    at processTicksAndRejections (internal/process/task_queues.js:95:5) {
  fatal: true
}
Error: Can't add new command when connection is in closed state
    at Connection._addCommandClosedState (/hana/data/applications/ysa-admin/node_modules/mysql2/lib/connection.js:164:17)
    at Connection.query (/hana/data/applications/ysa-admin/node_modules/mysql2/lib/connection.js:572:17)
    at /hana/data/applications/ysa-admin/routes/billingType.js:18:28
    at runMicrotasks (<anonymous>)
    at processTicksAndRejections (internal/process/task_queues.js:95:5) {
  fatal: true
}
Error: Can't add new command when connection is in closed state
    at Connection._addCommandClosedState (/hana/data/applications/ysa-admin/node_modules/mysql2/lib/connection.js:164:17)
    at Connection.query (/hana/data/applications/ysa-admin/node_modules/mysql2/lib/connection.js:572:17)
    at /hana/data/applications/ysa-admin/routes/billingType.js:18:28
    at runMicrotasks (<anonymous>)
    at processTicksAndRejections (internal/process/task_queues.js:95:5) {
  fatal: true
}
Error: Can't add new command when connection is in closed state
    at Connection._addCommandClosedState (/hana/data/applications/ysa-admin/node_modules/mysql2/lib/connection.js:164:17)
    at Connection.query (/hana/data/applications/ysa-admin/node_modules/mysql2/lib/connection.js:572:17)
    at /hana/data/applications/ysa-admin/routes/billingType.js:18:28
    at runMicrotasks (<anonymous>)
    at processTicksAndRejections (internal/process/task_queues.js:95:5) {
  fatal: true
}
Error: Can't add new command when connection is in closed state
    at Connection._addCommandClosedState (/hana/data/applications/ysa-admin/node_modules/mysql2/lib/connection.js:164:17)
    at Connection.query (/hana/data/applications/ysa-admin/node_modules/mysql2/lib/connection.js:572:17)
    at /hana/data/applications/ysa-admin/routes/billingType.js:18:28
    at runMicrotasks (<anonymous>)
    at processTicksAndRejections (internal/process/task_queues.js:95:5) {
  fatal: true
}
Error: Can't add new command when connection is in closed state
    at Connection._addCommandClosedState (/hana/data/applications/ysa-admin/node_modules/mysql2/lib/connection.js:164:17)
    at Connection.query (/hana/data/applications/ysa-admin/node_modules/mysql2/lib/connection.js:572:17)
    at /hana/data/applications/ysa-admin/routes/billingType.js:18:28
    at runMicrotasks (<anonymous>)
    at processTicksAndRejections (internal/process/task_queues.js:95:5) {
  fatal: true
}
Error: Can't add new command when connection is in closed state
    at Connection._addCommandClosedState (/hana/data/applications/ysa-admin/node_modules/mysql2/lib/connection.js:164:17)
    at Connection.query (/hana/data/applications/ysa-admin/node_modules/mysql2/lib/connection.js:572:17)
    at /hana/data/applications/ysa-admin/routes/billingType.js:18:28
    at runMicrotasks (<anonymous>)
    at processTicksAndRejections (internal/process/task_queues.js:95:5) {
  fatal: true
}
Error: Can't add new command when connection is in closed state
    at Connection._addCommandClosedState (/hana/data/applications/ysa-admin/node_modules/mysql2/lib/connection.js:164:17)
    at Connection.query (/hana/data/applications/ysa-admin/node_modules/mysql2/lib/connection.js:572:17)
    at /hana/data/applications/ysa-admin/routes/billingType.js:18:28
    at runMicrotasks (<anonymous>)
    at processTicksAndRejections (internal/process/task_queues.js:95:5) {
  fatal: true
}
Error: Can't add new command when connection is in closed state
    at Connection._addCommandClosedState (/hana/data/applications/ysa-admin/node_modules/mysql2/lib/connection.js:164:17)
    at Connection.query (/hana/data/applications/ysa-admin/node_modules/mysql2/lib/connection.js:572:17)
    at /hana/data/applications/ysa-admin/routes/billingType.js:18:28
    at runMicrotasks (<anonymous>)
    at processTicksAndRejections (internal/process/task_queues.js:95:5) {
  fatal: true
}
Error: Can't add new command when connection is in closed state
    at Connection._addCommandClosedState (/hana/data/applications/ysa-admin/node_modules/mysql2/lib/connection.js:164:17)
    at Connection.query (/hana/data/applications/ysa-admin/node_modules/mysql2/lib/connection.js:572:17)
    at /hana/data/applications/ysa-admin/routes/billingType.js:18:28
    at runMicrotasks (<anonymous>)
    at processTicksAndRejections (internal/process/task_queues.js:95:5) {
  fatal: true
}
Error: Can't add new command when connection is in closed state
    at Connection._addCommandClosedState (/hana/data/applications/ysa-admin/node_modules/mysql2/lib/connection.js:164:17)
    at Connection.query (/hana/data/applications/ysa-admin/node_modules/mysql2/lib/connection.js:572:17)
    at /hana/data/applications/ysa-admin/routes/billingType.js:18:28
    at runMicrotasks (<anonymous>)
    at processTicksAndRejections (internal/process/task_queues.js:95:5) {
  fatal: true
}
Error: Can't add new command when connection is in closed state
    at Connection._addCommandClosedState (/hana/data/applications/ysa-admin/node_modules/mysql2/lib/connection.js:164:17)
    at Connection.query (/hana/data/applications/ysa-admin/node_modules/mysql2/lib/connection.js:572:17)
    at /hana/data/applications/ysa-admin/routes/billingType.js:18:28
    at runMicrotasks (<anonymous>)
    at processTicksAndRejections (internal/process/task_queues.js:95:5) {
  fatal: true
}
Error: Can't add new command when connection is in closed state
    at Connection._addCommandClosedState (/hana/data/applications/ysa-admin/node_modules/mysql2/lib/connection.js:164:17)
    at Connection.query (/hana/data/applications/ysa-admin/node_modules/mysql2/lib/connection.js:572:17)
    at /hana/data/applications/ysa-admin/routes/billingType.js:18:28
    at runMicrotasks (<anonymous>)
    at processTicksAndRejections (internal/process/task_queues.js:95:5) {
  fatal: true
}
Error: Can't add new command when connection is in closed state
    at Connection._addCommandClosedState (/hana/data/applications/ysa-admin/node_modules/mysql2/lib/connection.js:164:17)
    at Connection.query (/hana/data/applications/ysa-admin/node_modules/mysql2/lib/connection.js:572:17)
    at /hana/data/applications/ysa-admin/routes/billingType.js:18:28
    at runMicrotasks (<anonymous>)
    at processTicksAndRejections (internal/process/task_queues.js:95:5) {
  fatal: true
}

> node-boilerplate@1.0.0 start /hana/data/applications/ysa-admin
> NODE_ENV=production node ./src/server.js

Genesis listening at http://:::8099
Redis is ready
Connection acquired from the pool
Connection released back to the pool
From DB 1
Connection acquired from the pool
Connection released back to the pool
From DB 1
Connection acquired from the pool
Connection released back to the pool
From DB 1
Connection acquired from the pool
Connection released back to the pool
From DB 1
From Redis 1
From Redis 1
Connection acquired from the pool
Connection released back to the pool
From DB 1
Connection acquired from the pool
Connection released back to the pool
From DB 1
Connection acquired from the pool
Connection released back to the pool
From DB 1
From Redis 1
Connection acquired from the pool
Connection released back to the pool
From DB 1
Connection acquired from the pool
Connection released back to the pool
From DB 1
From Redis 1
Connection acquired from the pool
Connection released back to the pool
From DB 1
Connection acquired from the pool
Connection released back to the pool
From DB 1
Connection acquired from the pool
Connection released back to the pool
From DB 1
Connection acquired from the pool
Connection released back to the pool
From DB 1
Connection acquired from the pool
Connection released back to the pool
From DB 1
Connection acquired from the pool
Connection released back to the pool
From DB 1
Connection acquired from the pool
Connection released back to the pool
From DB 1
Connection acquired from the pool
Connection released back to the pool
From DB 1
From Redis 1
Connection acquired from the pool
Connection released back to the pool
From DB 1
Connection acquired from the pool
Connection released back to the pool
From DB 1
From Redis 1
From Redis 1
Connection acquired from the pool
Connection released back to the pool
From DB 1
From Redis 1
Connection acquired from the pool
Connection released back to the pool
TypeError: Cannot read property 'billing_type' of undefined
    at /hana/data/applications/ysa-admin/routes/billingType.js:18:42
    at runMicrotasks (<anonymous>)
    at processTicksAndRejections (internal/process/task_queues.js:95:5)
Connection acquired from the pool
Connection released back to the pool
From DB 1
Connection acquired from the pool
Connection released back to the pool
From DB 1
Connection acquired from the pool
Connection released back to the pool
From DB 1
Connection acquired from the pool
Connection released back to the pool
From DB 1
Connection acquired from the pool
Connection released back to the pool
From DB 1
Connection acquired from the pool
Connection released back to the pool
From DB 1
Connection acquired from the pool
Connection released back to the pool
TypeError: Cannot read property 'billing_type' of undefined
    at /hana/data/applications/ysa-admin/routes/billingType.js:18:42
    at runMicrotasks (<anonymous>)
    at processTicksAndRejections (internal/process/task_queues.js:95:5)
Connection acquired from the pool
Connection released back to the pool
TypeError: Cannot read property 'billing_type' of undefined
    at /hana/data/applications/ysa-admin/routes/billingType.js:18:42
    at runMicrotasks (<anonymous>)
    at processTicksAndRejections (internal/process/task_queues.js:95:5)
Connection acquired from the pool
Connection released back to the pool
TypeError: Cannot read property 'billing_type' of undefined
    at /hana/data/applications/ysa-admin/routes/billingType.js:18:42
    at runMicrotasks (<anonymous>)
    at processTicksAndRejections (internal/process/task_queues.js:95:5)
Connection acquired from the pool
Connection released back to the pool
From DB 1
Connection acquired from the pool
Connection released back to the pool
From DB 1
Connection acquired from the pool
Connection released back to the pool
From DB 1
Connection acquired from the pool
Connection released back to the pool
From DB 1
Connection acquired from the pool
Connection released back to the pool
From DB 1
Connection acquired from the pool
Connection released back to the pool
From DB 1
Connection acquired from the pool
Connection released back to the pool
From DB 1
From Redis 1
Connection acquired from the pool
Connection released back to the pool
From DB 1
From Redis 1
Connection acquired from the pool
Connection released back to the pool
From DB 1
Connection acquired from the pool
Connection released back to the pool
From DB 1
Connection acquired from the pool
Connection released back to the pool
From DB 1
From Redis 1
From Redis 1
Connection acquired from the pool
Connection released back to the pool
From DB 1
From Redis 1
Connection acquired from the pool
Connection released back to the pool
From DB 1
Connection acquired from the pool
Connection released back to the pool
From DB 1
From Redis 1
Connection acquired from the pool
Connection released back to the pool
From DB 1
Connection acquired from the pool
Connection released back to the pool
From DB 1
Connection acquired from the pool
Connection released back to the pool
From DB 1
Connection acquired from the pool
Connection released back to the pool
From DB 1
Connection acquired from the pool
Connection released back to the pool
From DB 1
Connection acquired from the pool
Connection released back to the pool
From DB 1
From Redis 1
Connection acquired from the pool
Connection released back to the pool
From DB 1
Connection acquired from the pool
Connection released back to the pool
From DB 1
Connection acquired from the pool
Connection released back to the pool
From DB 1
Connection acquired from the pool
Connection released back to the pool
From DB 1
Connection acquired from the pool
Connection released back to the pool
From DB 1
Connection acquired from the pool
Connection released back to the pool
From DB 1
Connection acquired from the pool
Connection released back to the pool
From DB 1
Connection acquired from the pool
Connection released back to the pool
From DB 1
Connection acquired from the pool
Connection released back to the pool
From DB 1
Connection acquired from the pool
Connection released back to the pool
From DB 1
From Redis 1
Connection acquired from the pool
Connection released back to the pool
From DB 1
From Redis 1
Connection acquired from the pool
Connection released back to the pool
From DB 1
Connection acquired from the pool
Connection released back to the pool
From DB 1
Connection acquired from the pool
Connection released back to the pool
From DB 1
Connection acquired from the pool
Connection released back to the pool
From DB 1
Connection acquired from the pool
Connection released back to the pool
From DB 1
Connection acquired from the pool
Connection released back to the pool
From DB 1
From Redis 1
From Redis 1
From Redis 1
From Redis 1
From Redis 1
From Redis 1
